Archive member included to satisfy reference by file (symbol)

c:/st/stm32cubeide_1.12.0/stm32cubeide/plugins/com.st.stm32cube.ide.mcu.externaltools.gnu-tools-for-stm32.10.3-2021.10.win32_1.0.200.202301161003/tools/bin/../lib/gcc/arm-none-eabi/10.3.1/../../../../arm-none-eabi/lib/thumb/v7e-m+fp/hard\libc_nano.a(lib_a-errno.o)
                              ./Core/Src/syscalls.o (__errno)
c:/st/stm32cubeide_1.12.0/stm32cubeide/plugins/com.st.stm32cube.ide.mcu.externaltools.gnu-tools-for-stm32.10.3-2021.10.win32_1.0.200.202301161003/tools/bin/../lib/gcc/arm-none-eabi/10.3.1/../../../../arm-none-eabi/lib/thumb/v7e-m+fp/hard\libc_nano.a(lib_a-exit.o)
                              c:/st/stm32cubeide_1.12.0/stm32cubeide/plugins/com.st.stm32cube.ide.mcu.externaltools.gnu-tools-for-stm32.10.3-2021.10.win32_1.0.200.202301161003/tools/bin/../lib/gcc/arm-none-eabi/10.3.1/../../../../arm-none-eabi/lib/thumb/v7e-m+fp/hard/crt0.o (exit)
c:/st/stm32cubeide_1.12.0/stm32cubeide/plugins/com.st.stm32cube.ide.mcu.externaltools.gnu-tools-for-stm32.10.3-2021.10.win32_1.0.200.202301161003/tools/bin/../lib/gcc/arm-none-eabi/10.3.1/../../../../arm-none-eabi/lib/thumb/v7e-m+fp/hard\libc_nano.a(lib_a-impure.o)
                              c:/st/stm32cubeide_1.12.0/stm32cubeide/plugins/com.st.stm32cube.ide.mcu.externaltools.gnu-tools-for-stm32.10.3-2021.10.win32_1.0.200.202301161003/tools/bin/../lib/gcc/arm-none-eabi/10.3.1/../../../../arm-none-eabi/lib/thumb/v7e-m+fp/hard\libc_nano.a(lib_a-exit.o) (_global_impure_ptr)
c:/st/stm32cubeide_1.12.0/stm32cubeide/plugins/com.st.stm32cube.ide.mcu.externaltools.gnu-tools-for-stm32.10.3-2021.10.win32_1.0.200.202301161003/tools/bin/../lib/gcc/arm-none-eabi/10.3.1/../../../../arm-none-eabi/lib/thumb/v7e-m+fp/hard\libc_nano.a(lib_a-init.o)
                              c:/st/stm32cubeide_1.12.0/stm32cubeide/plugins/com.st.stm32cube.ide.mcu.externaltools.gnu-tools-for-stm32.10.3-2021.10.win32_1.0.200.202301161003/tools/bin/../lib/gcc/arm-none-eabi/10.3.1/../../../../arm-none-eabi/lib/thumb/v7e-m+fp/hard/crt0.o (__libc_init_array)
c:/st/stm32cubeide_1.12.0/stm32cubeide/plugins/com.st.stm32cube.ide.mcu.externaltools.gnu-tools-for-stm32.10.3-2021.10.win32_1.0.200.202301161003/tools/bin/../lib/gcc/arm-none-eabi/10.3.1/../../../../arm-none-eabi/lib/thumb/v7e-m+fp/hard\libc_nano.a(lib_a-memset.o)
                              c:/st/stm32cubeide_1.12.0/stm32cubeide/plugins/com.st.stm32cube.ide.mcu.externaltools.gnu-tools-for-stm32.10.3-2021.10.win32_1.0.200.202301161003/tools/bin/../lib/gcc/arm-none-eabi/10.3.1/../../../../arm-none-eabi/lib/thumb/v7e-m+fp/hard/crt0.o (memset)
c:/st/stm32cubeide_1.12.0/stm32cubeide/plugins/com.st.stm32cube.ide.mcu.externaltools.gnu-tools-for-stm32.10.3-2021.10.win32_1.0.200.202301161003/tools/bin/../lib/gcc/arm-none-eabi/10.3.1/thumb/v7e-m+fp/hard\libgcc.a(_aeabi_uldivmod.o)
                              ./Drivers/STM32F4xx_HAL_Driver/Src/stm32f4xx_hal_rcc.o (__aeabi_uldivmod)
c:/st/stm32cubeide_1.12.0/stm32cubeide/plugins/com.st.stm32cube.ide.mcu.externaltools.gnu-tools-for-stm32.10.3-2021.10.win32_1.0.200.202301161003/tools/bin/../lib/gcc/arm-none-eabi/10.3.1/thumb/v7e-m+fp/hard\libgcc.a(_udivmoddi4.o)
                              c:/st/stm32cubeide_1.12.0/stm32cubeide/plugins/com.st.stm32cube.ide.mcu.externaltools.gnu-tools-for-stm32.10.3-2021.10.win32_1.0.200.202301161003/tools/bin/../lib/gcc/arm-none-eabi/10.3.1/thumb/v7e-m+fp/hard\libgcc.a(_aeabi_uldivmod.o) (__udivmoddi4)
c:/st/stm32cubeide_1.12.0/stm32cubeide/plugins/com.st.stm32cube.ide.mcu.externaltools.gnu-tools-for-stm32.10.3-2021.10.win32_1.0.200.202301161003/tools/bin/../lib/gcc/arm-none-eabi/10.3.1/thumb/v7e-m+fp/hard\libgcc.a(_dvmd_tls.o)
                              c:/st/stm32cubeide_1.12.0/stm32cubeide/plugins/com.st.stm32cube.ide.mcu.externaltools.gnu-tools-for-stm32.10.3-2021.10.win32_1.0.200.202301161003/tools/bin/../lib/gcc/arm-none-eabi/10.3.1/thumb/v7e-m+fp/hard\libgcc.a(_aeabi_uldivmod.o) (__aeabi_ldiv0)

Discarded input sections

 .text          0x0000000000000000        0x0 c:/st/stm32cubeide_1.12.0/stm32cubeide/plugins/com.st.stm32cube.ide.mcu.externaltools.gnu-tools-for-stm32.10.3-2021.10.win32_1.0.200.202301161003/tools/bin/../lib/gcc/arm-none-eabi/10.3.1/thumb/v7e-m+fp/hard/crti.o
 .data          0x0000000000000000        0x0 c:/st/stm32cubeide_1.12.0/stm32cubeide/plugins/com.st.stm32cube.ide.mcu.externaltools.gnu-tools-for-stm32.10.3-2021.10.win32_1.0.200.202301161003/tools/bin/../lib/gcc/arm-none-eabi/10.3.1/thumb/v7e-m+fp/hard/crti.o
 .bss           0x0000000000000000        0x0 c:/st/stm32cubeide_1.12.0/stm32cubeide/plugins/com.st.stm32cube.ide.mcu.externaltools.gnu-tools-for-stm32.10.3-2021.10.win32_1.0.200.202301161003/tools/bin/../lib/gcc/arm-none-eabi/10.3.1/thumb/v7e-m+fp/hard/crti.o
[...]
Memory Configuration

Name             Origin             Length             Attributes
CCMRAM           0x0000000010000000 0x0000000000010000 xrw
RAM              0x0000000020000000 0x0000000000020000 xrw
FLASH            0x0000000008000000 0x0000000000100000 xr
*default*        0x0000000000000000 0xffffffffffffffff

Linker script and memory map

LOAD c:/st/stm32cubeide_1.12.0/stm32cubeide/plugins/com.st.stm32cube.ide.mcu.externaltools.gnu-tools-for-stm32.10.3-2021.10.win32_1.0.200.202301161003/tools/bin/../lib/gcc/arm-none-eabi/10.3.1/thumb/v7e-m+fp/hard/crti.o
LOAD c:/st/stm32cubeide_1.12.0/stm32cubeide/plugins/com.st.stm32cube.ide.mcu.externaltools.gnu-tools-for-stm32.10.3-2021.10.win32_1.0.200.202301161003/tools/bin/../lib/gcc/arm-none-eabi/10.3.1/thumb/v7e-m+fp/hard/crtbegin.o
LOAD c:/st/stm32cubeide_1.12.0/stm32cubeide/plugins/com.st.stm32cube.ide.mcu.externaltools.gnu-tools-for-stm32.10.3-2021.10.win32_1.0.200.202301161003/tools/bin/../lib/gcc/arm-none-eabi/10.3.1/../../../../arm-none-eabi/lib/thumb/v7e-m+fp/hard/crt0.o
LOAD ./Core/Src/main.o
LOAD ./Core/Src/stm32f4xx_hal_msp.o
LOAD ./Core/Src/stm32f4xx_it.o
LOAD ./Core/Src/syscalls.o
LOAD ./Core/Src/sysmem.o
LOAD ./Core/Src/system_stm32f4xx.o
LOAD ./Core/Startup/startup_stm32f407vgtx.o
LOAD ./Drivers/STM32F4xx_HAL_Driver/Src/stm32f4xx_hal.o
LOAD ./Drivers/STM32F4xx_HAL_Driver/Src/stm32f4xx_hal_cortex.o
LOAD ./Drivers/STM32F4xx_HAL_Driver/Src/stm32f4xx_hal_dma.o
LOAD ./Drivers/STM32F4xx_HAL_Driver/Src/stm32f4xx_hal_dma_ex.o
LOAD ./Drivers/STM32F4xx_HAL_Driver/Src/stm32f4xx_hal_exti.o
LOAD ./Drivers/STM32F4xx_HAL_Driver/Src/stm32f4xx_hal_flash.o
LOAD ./Drivers/STM32F4xx_HAL_Driver/Src/stm32f4xx_hal_flash_ex.o
LOAD ./Drivers/STM32F4xx_HAL_Driver/Src/stm32f4xx_hal_flash_ramfunc.o
LOAD ./Drivers/STM32F4xx_HAL_Driver/Src/stm32f4xx_hal_gpio.o
LOAD ./Drivers/STM32F4xx_HAL_Driver/Src/stm32f4xx_hal_pcd.o
LOAD ./Drivers/STM32F4xx_HAL_Driver/Src/stm32f4xx_hal_pcd_ex.o
LOAD ./Drivers/STM32F4xx_HAL_Driver/Src/stm32f4xx_hal_pwr.o
LOAD ./Drivers/STM32F4xx_HAL_Driver/Src/stm32f4xx_hal_pwr_ex.o
LOAD ./Drivers/STM32F4xx_HAL_Driver/Src/stm32f4xx_hal_rcc.o
LOAD ./Drivers/STM32F4xx_HAL_Driver/Src/stm32f4xx_hal_rcc_ex.o
LOAD ./Drivers/STM32F4xx_HAL_Driver/Src/stm32f4xx_ll_usb.o
LOAD ./Middlewares/ST/STM32_USB_Device_Library/Class/CDC/Src/usbd_cdc.o
LOAD ./Middlewares/ST/STM32_USB_Device_Library/Core/Src/usbd_core.o
LOAD ./Middlewares/ST/STM32_USB_Device_Library/Core/Src/usbd_ctlreq.o
LOAD ./Middlewares/ST/STM32_USB_Device_Library/Core/Src/usbd_ioreq.o
LOAD ./USB_DEVICE/App/usb_device.o
LOAD ./USB_DEVICE/App/usbd_cdc_if.o
LOAD ./USB_DEVICE/App/usbd_desc.o
LOAD ./USB_DEVICE/Target/usbd_conf.o
START GROUP
LOAD c:/st/stm32cubeide_1.12.0/stm32cubeide/plugins/com.st.stm32cube.ide.mcu.externaltools.gnu-tools-for-stm32.10.3-2021.10.win32_1.0.200.202301161003/tools/bin/../lib/gcc/arm-none-eabi/10.3.1/../../../../arm-none-eabi/lib/thumb/v7e-m+fp/hard\libc_nano.a
LOAD c:/st/stm32cubeide_1.12.0/stm32cubeide/plugins/com.st.stm32cube.ide.mcu.externaltools.gnu-tools-for-stm32.10.3-2021.10.win32_1.0.200.202301161003/tools/bin/../lib/gcc/arm-none-eabi/10.3.1/../../../../arm-none-eabi/lib/thumb/v7e-m+fp/hard\libm.a
END GROUP
START GROUP
LOAD c:/st/stm32cubeide_1.12.0/stm32cubeide/plugins/com.st.stm32cube.ide.mcu.externaltools.gnu-tools-for-stm32.10.3-2021.10.win32_1.0.200.202301161003/tools/bin/../lib/gcc/arm-none-eabi/10.3.1/thumb/v7e-m+fp/hard\libgcc.a
LOAD c:/st/stm32cubeide_1.12.0/stm32cubeide/plugins/com.st.stm32cube.ide.mcu.externaltools.gnu-tools-for-stm32.10.3-2021.10.win32_1.0.200.202301161003/tools/bin/../lib/gcc/arm-none-eabi/10.3.1/../../../../arm-none-eabi/lib/thumb/v7e-m+fp/hard\libc_nano.a
END GROUP
START GROUP
LOAD c:/st/stm32cubeide_1.12.0/stm32cubeide/plugins/com.st.stm32cube.ide.mcu.externaltools.gnu-tools-for-stm32.10.3-2021.10.win32_1.0.200.202301161003/tools/bin/../lib/gcc/arm-none-eabi/10.3.1/thumb/v7e-m+fp/hard\libgcc.a
LOAD c:/st/stm32cubeide_1.12.0/stm32cubeide/plugins/com.st.stm32cube.ide.mcu.externaltools.gnu-tools-for-stm32.10.3-2021.10.win32_1.0.200.202301161003/tools/bin/../lib/gcc/arm-none-eabi/10.3.1/../../../../arm-none-eabi/lib/thumb/v7e-m+fp/hard\libc_nano.a
LOAD c:/st/stm32cubeide_1.12.0/stm32cubeide/plugins/com.st.stm32cube.ide.mcu.externaltools.gnu-tools-for-stm32.10.3-2021.10.win32_1.0.200.202301161003/tools/bin/../lib/gcc/arm-none-eabi/10.3.1/../../../../arm-none-eabi/lib/thumb/v7e-m+fp/hard\libnosys.a
END GROUP
START GROUP
LOAD c:/st/stm32cubeide_1.12.0/stm32cubeide/plugins/com.st.stm32cube.ide.mcu.externaltools.gnu-tools-for-stm32.10.3-2021.10.win32_1.0.200.202301161003/tools/bin/../lib/gcc/arm-none-eabi/10.3.1/thumb/v7e-m+fp/hard\libgcc.a
LOAD c:/st/stm32cubeide_1.12.0/stm32cubeide/plugins/com.st.stm32cube.ide.mcu.externaltools.gnu-tools-for-stm32.10.3-2021.10.win32_1.0.200.202301161003/tools/bin/../lib/gcc/arm-none-eabi/10.3.1/../../../../arm-none-eabi/lib/thumb/v7e-m+fp/hard\libc_nano.a
LOAD c:/st/stm32cubeide_1.12.0/stm32cubeide/plugins/com.st.stm32cube.ide.mcu.externaltools.gnu-tools-for-stm32.10.3-2021.10.win32_1.0.200.202301161003/tools/bin/../lib/gcc/arm-none-eabi/10.3.1/../../../../arm-none-eabi/lib/thumb/v7e-m+fp/hard\libnosys.a
END GROUP
LOAD c:/st/stm32cubeide_1.12.0/stm32cubeide/plugins/com.st.stm32cube.ide.mcu.externaltools.gnu-tools-for-stm32.10.3-2021.10.win32_1.0.200.202301161003/tools/bin/../lib/gcc/arm-none-eabi/10.3.1/thumb/v7e-m+fp/hard/crtend.o
LOAD c:/st/stm32cubeide_1.12.0/stm32cubeide/plugins/com.st.stm32cube.ide.mcu.externaltools.gnu-tools-for-stm32.10.3-2021.10.win32_1.0.200.202301161003/tools/bin/../lib/gcc/arm-none-eabi/10.3.1/thumb/v7e-m+fp/hard/crtn.o
                0x0000000020020000                _estack = (ORIGIN (RAM) + LENGTH (RAM))
                0x0000000000000200                _Min_Heap_Size = 0x200
                0x0000000000000400                _Min_Stack_Size = 0x400

.isr_vector     0x0000000008000000      0x188
                0x0000000008000000                . = ALIGN (0x4)
 *(.isr_vector)
 .isr_vector    0x0000000008000000      0x188 ./Core/Startup/startup_stm32f407vgtx.o
                0x0000000008000000                g_pfnVectors
                0x0000000008000188                . = ALIGN (0x4)

.text           0x0000000008000188     0x6dac
                0x0000000008000188                . = ALIGN (0x4)
 *(.text)
 .text          0x0000000008000188       0x40 c:/st/stm32cubeide_1.12.0/stm32cubeide/plugins/com.st.stm32cube.ide.mcu.externaltools.gnu-tools-for-stm32.10.3-2021.10.win32_1.0.200.202301161003/tools/bin/../lib/gcc/arm-none-eabi/10.3.1/thumb/v7e-m+fp/hard/crtbegin.o
 .text          0x00000000080001c8       0x30 c:/st/stm32cubeide_1.12.0/stm32cubeide/plugins/com.st.stm32cube.ide.mcu.externaltools.gnu-tools-for-stm32.10.3-2021.10.win32_1.0.200.202301161003/tools/bin/../lib/gcc/arm-none-eabi/10.3.1/thumb/v7e-m+fp/hard\libgcc.a(_aeabi_uldivmod.o)
                0x00000000080001c8                __aeabi_uldivmod
 .text          0x00000000080001f8      0x2d0 c:/st/stm32cubeide_1.12.0/stm32cubeide/plugins/com.st.stm32cube.ide.mcu.externaltools.gnu-tools-for-stm32.10.3-2021.10.win32_1.0.200.202301161003/tools/bin/../lib/gcc/arm-none-eabi/10.3.1/thumb/v7e-m+fp/hard\libgcc.a(_udivmoddi4.o)
                0x00000000080001f8                __udivmoddi4
 .text          0x00000000080004c8        0x4 c:/st/stm32cubeide_1.12.0/stm32cubeide/plugins/com.st.stm32cube.ide.mcu.externaltools.gnu-tools-for-stm32.10.3-2021.10.win32_1.0.200.202301161003/tools/bin/../lib/gcc/arm-none-eabi/10.3.1/thumb/v7e-m+fp/hard\libgcc.a(_dvmd_tls.o)
                0x00000000080004c8                __aeabi_idiv0
                0x00000000080004c8                __aeabi_ldiv0
 *(.text*)
 .text.main     0x00000000080004cc       0xc0 ./Core/Src/main.o
                0x00000000080004cc                main
 .text.SystemClock_Config
                0x000000000800058c       0xd0 ./Core/Src/main.o
                0x000000000800058c                SystemClock_Config
 .text.MX_GPIO_Init
                0x000000000800065c       0xc4 ./Core/Src/main.o
 .text.Error_Handler
                0x0000000008000720        0xa ./Core/Src/main.o
                0x0000000008000720                Error_Handler
 *fill*         0x000000000800072a        0x2 
 .text.HAL_MspInit
                0x000000000800072c       0x50 ./Core/Src/stm32f4xx_hal_msp.o
                0x000000000800072c                HAL_MspInit
 .text.NMI_Handler
                0x000000000800077c        0x6 ./Core/Src/stm32f4xx_it.o
                0x000000000800077c                NMI_Handler
 .text.HardFault_Handler
                0x0000000008000782        0x6 ./Core/Src/stm32f4xx_it.o
                0x0000000008000782                HardFault_Handler
 .text.MemManage_Handler
                0x0000000008000788        0x6 ./Core/Src/stm32f4xx_it.o
                0x0000000008000788                MemManage_Handler
 .text.BusFault_Handler
                0x000000000800078e        0x6 ./Core/Src/stm32f4xx_it.o
                0x000000000800078e                BusFault_Handler
 .text.UsageFault_Handler
                0x0000000008000794        0x6 ./Core/Src/stm32f4xx_it.o
                0x0000000008000794                UsageFault_Handler
 .text.SVC_Handler
                0x000000000800079a        0xe ./Core/Src/stm32f4xx_it.o
                0x000000000800079a                SVC_Handler
 .text.DebugMon_Handler
                0x00000000080007a8        0xe ./Core/Src/stm32f4xx_it.o
                0x00000000080007a8                DebugMon_Handler
 .text.PendSV_Handler
                0x00000000080007b6        0xe ./Core/Src/stm32f4xx_it.o
                0x00000000080007b6                PendSV_Handler
 .text.SysTick_Handler
                0x00000000080007c4        0xc ./Core/Src/stm32f4xx_it.o
                0x00000000080007c4                SysTick_Handler
 .text.OTG_FS_IRQHandler
                0x00000000080007d0       0x14 ./Core/Src/stm32f4xx_it.o
                0x00000000080007d0                OTG_FS_IRQHandler
 .text.SystemInit
                0x00000000080007e4       0x24 ./Core/Src/system_stm32f4xx.o
                0x00000000080007e4                SystemInit
 .text.Reset_Handler
                0x0000000008000808       0x50 ./Core/Startup/startup_stm32f407vgtx.o
                0x0000000008000808                Reset_Handler
 .text.Default_Handler
                0x0000000008000858        0x2 ./Core/Startup/startup_stm32f407vgtx.o
                0x0000000008000858                RTC_Alarm_IRQHandler
                0x0000000008000858                HASH_RNG_IRQHandler
                0x0000000008000858                EXTI2_IRQHandler
                0x0000000008000858                TIM8_CC_IRQHandler
                0x0000000008000858                TIM1_CC_IRQHandler
                0x0000000008000858                DMA2_Stream5_IRQHandler
                0x0000000008000858                DMA1_Stream5_IRQHandler
                0x0000000008000858                PVD_IRQHandler
                0x0000000008000858                SDIO_IRQHandler
                0x0000000008000858                TAMP_STAMP_IRQHandler
                0x0000000008000858                CAN2_RX1_IRQHandler
                0x0000000008000858                EXTI3_IRQHandler
                0x0000000008000858                TIM8_TRG_COM_TIM14_IRQHandler
                0x0000000008000858                TIM1_UP_TIM10_IRQHandler
                0x0000000008000858                TIM8_UP_TIM13_IRQHandler
                0x0000000008000858                I2C3_ER_IRQHandler
                0x0000000008000858                EXTI0_IRQHandler
                0x0000000008000858                I2C2_EV_IRQHandler
                0x0000000008000858                DMA1_Stream2_IRQHandler
                0x0000000008000858                CAN1_RX0_IRQHandler
                0x0000000008000858                FPU_IRQHandler
                0x0000000008000858                OTG_HS_WKUP_IRQHandler
                0x0000000008000858                CAN2_SCE_IRQHandler
                0x0000000008000858                DMA2_Stream2_IRQHandler
                0x0000000008000858                SPI1_IRQHandler
                0x0000000008000858                TIM6_DAC_IRQHandler
                0x0000000008000858                TIM1_BRK_TIM9_IRQHandler
                0x0000000008000858                DCMI_IRQHandler
                0x0000000008000858                CAN2_RX0_IRQHandler
                0x0000000008000858                DMA2_Stream3_IRQHandler
                0x0000000008000858                USART6_IRQHandler
                0x0000000008000858                USART3_IRQHandler
                0x0000000008000858                CAN1_RX1_IRQHandler
                0x0000000008000858                UART5_IRQHandler
                0x0000000008000858                DMA2_Stream0_IRQHandler
                0x0000000008000858                TIM4_IRQHandler
                0x0000000008000858                I2C1_EV_IRQHandler
                0x0000000008000858                DMA1_Stream6_IRQHandler
                0x0000000008000858                DMA1_Stream1_IRQHandler
                0x0000000008000858                UART4_IRQHandler
                0x0000000008000858                TIM3_IRQHandler
                0x0000000008000858                RCC_IRQHandler
                0x0000000008000858                TIM8_BRK_TIM12_IRQHandler
                0x0000000008000858                Default_Handler
                0x0000000008000858                EXTI15_10_IRQHandler
                0x0000000008000858                ADC_IRQHandler
                0x0000000008000858                DMA1_Stream7_IRQHandler
                0x0000000008000858                TIM7_IRQHandler
                0x0000000008000858                CAN2_TX_IRQHandler
                0x0000000008000858                TIM5_IRQHandler
                0x0000000008000858                DMA2_Stream7_IRQHandler
                0x0000000008000858                I2C3_EV_IRQHandler
                0x0000000008000858                EXTI9_5_IRQHandler
                0x0000000008000858                RTC_WKUP_IRQHandler
                0x0000000008000858                ETH_WKUP_IRQHandler
                0x0000000008000858                SPI2_IRQHandler
                0x0000000008000858                OTG_HS_EP1_IN_IRQHandler
                0x0000000008000858                DMA1_Stream0_IRQHandler
                0x0000000008000858                CAN1_TX_IRQHandler
                0x0000000008000858                EXTI4_IRQHandler
                0x0000000008000858                FSMC_IRQHandler
                0x0000000008000858                ETH_IRQHandler
                0x0000000008000858                OTG_HS_EP1_OUT_IRQHandler
                0x0000000008000858                WWDG_IRQHandler
                0x0000000008000858                TIM2_IRQHandler
                0x0000000008000858                OTG_FS_WKUP_IRQHandler
                0x0000000008000858                TIM1_TRG_COM_TIM11_IRQHandler
                0x0000000008000858                OTG_HS_IRQHandler
                0x0000000008000858                EXTI1_IRQHandler
                0x0000000008000858                USART2_IRQHandler
                0x0000000008000858                I2C2_ER_IRQHandler
                0x0000000008000858                DMA2_Stream1_IRQHandler
                0x0000000008000858                CAN1_SCE_IRQHandler
                0x0000000008000858                FLASH_IRQHandler
                0x0000000008000858                DMA2_Stream4_IRQHandler
                0x0000000008000858                USART1_IRQHandler
                0x0000000008000858                SPI3_IRQHandler
                0x0000000008000858                DMA1_Stream4_IRQHandler
                0x0000000008000858                I2C1_ER_IRQHandler
                0x0000000008000858                DMA2_Stream6_IRQHandler
                0x0000000008000858                DMA1_Stream3_IRQHandler
 *fill*         0x000000000800085a        0x2 
 .text.HAL_Init
                0x000000000800085c       0x44 ./Drivers/STM32F4xx_HAL_Driver/Src/stm32f4xx_hal.o
                0x000000000800085c                HAL_Init
 .text.HAL_InitTick
                0x00000000080008a0       0x60 ./Drivers/STM32F4xx_HAL_Driver/Src/stm32f4xx_hal.o
                0x00000000080008a0                HAL_InitTick
 .text.HAL_IncTick
                0x0000000008000900       0x28 ./Drivers/STM32F4xx_HAL_Driver/Src/stm32f4xx_hal.o
                0x0000000008000900                HAL_IncTick
 .text.HAL_GetTick
                0x0000000008000928       0x18 ./Drivers/STM32F4xx_HAL_Driver/Src/stm32f4xx_hal.o
                0x0000000008000928                HAL_GetTick
 .text.HAL_Delay
                0x0000000008000940       0x48 ./Drivers/STM32F4xx_HAL_Driver/Src/stm32f4xx_hal.o
                0x0000000008000940                HAL_Delay
 .text.__NVIC_SetPriorityGrouping
                0x0000000008000988       0x48 ./Drivers/STM32F4xx_HAL_Driver/Src/stm32f4xx_hal_cortex.o
 .text.__NVIC_GetPriorityGrouping
                0x00000000080009d0       0x1c ./Drivers/STM32F4xx_HAL_Driver/Src/stm32f4xx_hal_cortex.o
 .text.__NVIC_EnableIRQ
                0x00000000080009ec       0x3c ./Drivers/STM32F4xx_HAL_Driver/Src/stm32f4xx_hal_cortex.o
 .text.__NVIC_SetPriority
                0x0000000008000a28       0x54 ./Drivers/STM32F4xx_HAL_Driver/Src/stm32f4xx_hal_cortex.o
 .text.NVIC_EncodePriority
                0x0000000008000a7c       0x66 ./Drivers/STM32F4xx_HAL_Driver/Src/stm32f4xx_hal_cortex.o
 *fill*         0x0000000008000ae2        0x2 
 .text.SysTick_Config
                0x0000000008000ae4       0x44 ./Drivers/STM32F4xx_HAL_Driver/Src/stm32f4xx_hal_cortex.o
 .text.HAL_NVIC_SetPriorityGrouping
                0x0000000008000b28       0x16 ./Drivers/STM32F4xx_HAL_Driver/Src/stm32f4xx_hal_cortex.o
                0x0000000008000b28                HAL_NVIC_SetPriorityGrouping
 .text.HAL_NVIC_SetPriority
                0x0000000008000b3e       0x38 ./Drivers/STM32F4xx_HAL_Driver/Src/stm32f4xx_hal_cortex.o
                0x0000000008000b3e                HAL_NVIC_SetPriority
 .text.HAL_NVIC_EnableIRQ
                0x0000000008000b76       0x1c ./Drivers/STM32F4xx_HAL_Driver/Src/stm32f4xx_hal_cortex.o
                0x0000000008000b76                HAL_NVIC_EnableIRQ
 .text.HAL_SYSTICK_Config
                0x0000000008000b92       0x18 ./Drivers/STM32F4xx_HAL_Driver/Src/stm32f4xx_hal_cortex.o
                0x0000000008000b92                HAL_SYSTICK_Config
 *fill*         0x0000000008000baa        0x2 
 .text.HAL_GPIO_Init
                0x0000000008000bac      0x338 ./Drivers/STM32F4xx_HAL_Driver/Src/stm32f4xx_hal_gpio.o
                0x0000000008000bac                HAL_GPIO_Init
 .text.HAL_GPIO_ReadPin
                0x0000000008000ee4       0x30 ./Drivers/STM32F4xx_HAL_Driver/Src/stm32f4xx_hal_gpio.o
                0x0000000008000ee4                HAL_GPIO_ReadPin
 .text.HAL_GPIO_WritePin
                0x0000000008000f14       0x32 ./Drivers/STM32F4xx_HAL_Driver/Src/stm32f4xx_hal_gpio.o
                0x0000000008000f14                HAL_GPIO_WritePin
 .text.HAL_PCD_Init
                0x0000000008000f46      0x23a ./Drivers/STM32F4xx_HAL_Driver/Src/stm32f4xx_hal_pcd.o
                0x0000000008000f46                HAL_PCD_Init
 .text.HAL_PCD_Start
                0x0000000008001180       0x66 ./Drivers/STM32F4xx_HAL_Driver/Src/stm32f4xx_hal_pcd.o
                0x0000000008001180                HAL_PCD_Start
 .text.HAL_PCD_IRQHandler
                0x00000000080011e6      0x93e ./Drivers/STM32F4xx_HAL_Driver/Src/stm32f4xx_hal_pcd.o
                0x00000000080011e6                HAL_PCD_IRQHandler
 .text.HAL_PCD_SetAddress
                0x0000000008001b24       0x4a ./Drivers/STM32F4xx_HAL_Driver/Src/stm32f4xx_hal_pcd.o
                0x0000000008001b24                HAL_PCD_SetAddress
 .text.HAL_PCD_EP_Open
                0x0000000008001b6e       0xd0 ./Drivers/STM32F4xx_HAL_Driver/Src/stm32f4xx_hal_pcd.o
                0x0000000008001b6e                HAL_PCD_EP_Open
 .text.HAL_PCD_EP_Close
                0x0000000008001c3e       0x94 ./Drivers/STM32F4xx_HAL_Driver/Src/stm32f4xx_hal_pcd.o
                0x0000000008001c3e                HAL_PCD_EP_Close
 .text.HAL_PCD_EP_Receive
                0x0000000008001cd2       0x96 ./Drivers/STM32F4xx_HAL_Driver/Src/stm32f4xx_hal_pcd.o
                0x0000000008001cd2                HAL_PCD_EP_Receive
 .text.HAL_PCD_EP_GetRxCount
                0x0000000008001d68       0x30 ./Drivers/STM32F4xx_HAL_Driver/Src/stm32f4xx_hal_pcd.o
                0x0000000008001d68                HAL_PCD_EP_GetRxCount
 .text.HAL_PCD_EP_Transmit
                0x0000000008001d98       0x94 ./Drivers/STM32F4xx_HAL_Driver/Src/stm32f4xx_hal_pcd.o
                0x0000000008001d98                HAL_PCD_EP_Transmit
 .text.HAL_PCD_EP_SetStall
                0x0000000008001e2c       0xc8 ./Drivers/STM32F4xx_HAL_Driver/Src/stm32f4xx_hal_pcd.o
                0x0000000008001e2c                HAL_PCD_EP_SetStall
 .text.HAL_PCD_EP_ClrStall
                0x0000000008001ef4       0xac ./Drivers/STM32F4xx_HAL_Driver/Src/stm32f4xx_hal_pcd.o
                0x0000000008001ef4                HAL_PCD_EP_ClrStall
 .text.HAL_PCD_EP_Abort
                0x0000000008001fa0       0x62 ./Drivers/STM32F4xx_HAL_Driver/Src/stm32f4xx_hal_pcd.o
                0x0000000008001fa0                HAL_PCD_EP_Abort
 .text.PCD_WriteEmptyTxFifo
                0x0000000008002002      0x11a ./Drivers/STM32F4xx_HAL_Driver/Src/stm32f4xx_hal_pcd.o
 .text.PCD_EP_OutXfrComplete_int
                0x000000000800211c      0x1d0 ./Drivers/STM32F4xx_HAL_Driver/Src/stm32f4xx_hal_pcd.o
 .text.PCD_EP_OutSetupPacket_int
                0x00000000080022ec       0x8c ./Drivers/STM32F4xx_HAL_Driver/Src/stm32f4xx_hal_pcd.o
 .text.HAL_PCDEx_SetTxFiFo
                0x0000000008002378       0x8e ./Drivers/STM32F4xx_HAL_Driver/Src/stm32f4xx_hal_pcd_ex.o
                0x0000000008002378                HAL_PCDEx_SetTxFiFo
 .text.HAL_PCDEx_SetRxFiFo
                0x0000000008002406       0x22 ./Drivers/STM32F4xx_HAL_Driver/Src/stm32f4xx_hal_pcd_ex.o
                0x0000000008002406                HAL_PCDEx_SetRxFiFo
 .text.HAL_PCDEx_LPM_Callback
                0x0000000008002428       0x18 ./Drivers/STM32F4xx_HAL_Driver/Src/stm32f4xx_hal_pcd_ex.o
                0x0000000008002428                HAL_PCDEx_LPM_Callback
 .text.HAL_RCC_OscConfig
                0x0000000008002440      0x4f0 ./Drivers/STM32F4xx_HAL_Driver/Src/stm32f4xx_hal_rcc.o
                0x0000000008002440                HAL_RCC_OscConfig
 .text.HAL_RCC_ClockConfig
                0x0000000008002930      0x1cc ./Drivers/STM32F4xx_HAL_Driver/Src/stm32f4xx_hal_rcc.o
                0x0000000008002930                HAL_RCC_ClockConfig
 .text.HAL_RCC_GetSysClockFreq
                0x0000000008002afc      0x20c ./Drivers/STM32F4xx_HAL_Driver/Src/stm32f4xx_hal_rcc.o
                0x0000000008002afc                HAL_RCC_GetSysClockFreq
 .text.HAL_RCC_GetHCLKFreq
                0x0000000008002d08       0x18 ./Drivers/STM32F4xx_HAL_Driver/Src/stm32f4xx_hal_rcc.o
                0x0000000008002d08                HAL_RCC_GetHCLKFreq
 .text.USB_CoreInit
                0x0000000008002d20       0xc2 ./Drivers/STM32F4xx_HAL_Driver/Src/stm32f4xx_ll_usb.o
                0x0000000008002d20                USB_CoreInit
 *fill*         0x0000000008002de2        0x2 
 .text.USB_SetTurnaroundTime
                0x0000000008002de4      0x144 ./Drivers/STM32F4xx_HAL_Driver/Src/stm32f4xx_ll_usb.o
                0x0000000008002de4                USB_SetTurnaroundTime
 .text.USB_EnableGlobalInt
                0x0000000008002f28       0x22 ./Drivers/STM32F4xx_HAL_Driver/Src/stm32f4xx_ll_usb.o
                0x0000000008002f28                USB_EnableGlobalInt
 .text.USB_DisableGlobalInt
                0x0000000008002f4a       0x22 ./Drivers/STM32F4xx_HAL_Driver/Src/stm32f4xx_ll_usb.o
                0x0000000008002f4a                USB_DisableGlobalInt
 .text.USB_SetCurrentMode
                0x0000000008002f6c       0x98 ./Drivers/STM32F4xx_HAL_Driver/Src/stm32f4xx_ll_usb.o
                0x0000000008002f6c                USB_SetCurrentMode
 .text.USB_DevInit
                0x0000000008003004      0x2c8 ./Drivers/STM32F4xx_HAL_Driver/Src/stm32f4xx_ll_usb.o
                0x0000000008003004                USB_DevInit
 .text.USB_FlushTxFifo
                0x00000000080032cc       0x68 ./Drivers/STM32F4xx_HAL_Driver/Src/stm32f4xx_ll_usb.o
                0x00000000080032cc                USB_FlushTxFifo
 .text.USB_FlushRxFifo
                0x0000000008003334       0x60 ./Drivers/STM32F4xx_HAL_Driver/Src/stm32f4xx_ll_usb.o
                0x0000000008003334                USB_FlushRxFifo
 .text.USB_SetDevSpeed
                0x0000000008003394       0x32 ./Drivers/STM32F4xx_HAL_Driver/Src/stm32f4xx_ll_usb.o
                0x0000000008003394                USB_SetDevSpeed
 .text.USB_GetDevSpeed
                0x00000000080033c6       0x4a ./Drivers/STM32F4xx_HAL_Driver/Src/stm32f4xx_ll_usb.o
                0x00000000080033c6                USB_GetDevSpeed
 .text.USB_ActivateEndpoint
                0x0000000008003410      0x10e ./Drivers/STM32F4xx_HAL_Driver/Src/stm32f4xx_ll_usb.o
                0x0000000008003410                USB_ActivateEndpoint
 *fill*         0x000000000800351e        0x2 
 .text.USB_DeactivateEndpoint
                0x0000000008003520      0x1b8 ./Drivers/STM32F4xx_HAL_Driver/Src/stm32f4xx_ll_usb.o
                0x0000000008003520                USB_DeactivateEndpoint
 .text.USB_EPStartXfer
                0x00000000080036d8      0x490 ./Drivers/STM32F4xx_HAL_Driver/Src/stm32f4xx_ll_usb.o
                0x00000000080036d8                USB_EPStartXfer
 .text.USB_EP0StartXfer
                0x0000000008003b68      0x2b0 ./Drivers/STM32F4xx_HAL_Driver/Src/stm32f4xx_ll_usb.o
                0x0000000008003b68                USB_EP0StartXfer
 .text.USB_EPStopXfer
                0x0000000008003e18      0x154 ./Drivers/STM32F4xx_HAL_Driver/Src/stm32f4xx_ll_usb.o
                0x0000000008003e18                USB_EPStopXfer
 .text.USB_WritePacket
                0x0000000008003f6c       0x7c ./Drivers/STM32F4xx_HAL_Driver/Src/stm32f4xx_ll_usb.o
                0x0000000008003f6c                USB_WritePacket
 .text.USB_ReadPacket
                0x0000000008003fe8       0xb0 ./Drivers/STM32F4xx_HAL_Driver/Src/stm32f4xx_ll_usb.o
                0x0000000008003fe8                USB_ReadPacket
 .text.USB_EPSetStall
                0x0000000008004098       0xdc ./Drivers/STM32F4xx_HAL_Driver/Src/stm32f4xx_ll_usb.o
                0x0000000008004098                USB_EPSetStall
 .text.USB_EPClearStall
                0x0000000008004174       0xcc ./Drivers/STM32F4xx_HAL_Driver/Src/stm32f4xx_ll_usb.o
                0x0000000008004174                USB_EPClearStall
 .text.USB_SetDevAddress
                0x0000000008004240       0x4c ./Drivers/STM32F4xx_HAL_Driver/Src/stm32f4xx_ll_usb.o
                0x0000000008004240                USB_SetDevAddress
 .text.USB_DevConnect
                0x000000000800428c       0x42 ./Drivers/STM32F4xx_HAL_Driver/Src/stm32f4xx_ll_usb.o
                0x000000000800428c                USB_DevConnect
 .text.USB_DevDisconnect
                0x00000000080042ce       0x42 ./Drivers/STM32F4xx_HAL_Driver/Src/stm32f4xx_ll_usb.o
                0x00000000080042ce                USB_DevDisconnect
 .text.USB_ReadInterrupts
                0x0000000008004310       0x26 ./Drivers/STM32F4xx_HAL_Driver/Src/stm32f4xx_ll_usb.o
                0x0000000008004310                USB_ReadInterrupts
 .text.USB_ReadDevAllOutEpInterrupt
                0x0000000008004336       0x34 ./Drivers/STM32F4xx_HAL_Driver/Src/stm32f4xx_ll_usb.o
                0x0000000008004336                USB_ReadDevAllOutEpInterrupt
 .text.USB_ReadDevAllInEpInterrupt
                0x000000000800436a       0x34 ./Drivers/STM32F4xx_HAL_Driver/Src/stm32f4xx_ll_usb.o
                0x000000000800436a                USB_ReadDevAllInEpInterrupt
 .text.USB_ReadDevOutEPInterrupt
                0x000000000800439e       0x3c ./Drivers/STM32F4xx_HAL_Driver/Src/stm32f4xx_ll_usb.o
                0x000000000800439e                USB_ReadDevOutEPInterrupt
 .text.USB_ReadDevInEPInterrupt
                0x00000000080043da       0x5c ./Drivers/STM32F4xx_HAL_Driver/Src/stm32f4xx_ll_usb.o
                0x00000000080043da                USB_ReadDevInEPInterrupt
 .text.USB_GetMode
                0x0000000008004436       0x1c ./Drivers/STM32F4xx_HAL_Driver/Src/stm32f4xx_ll_usb.o
                0x0000000008004436                USB_GetMode
 .text.USB_ActivateSetup
                0x0000000008004452       0x46 ./Drivers/STM32F4xx_HAL_Driver/Src/stm32f4xx_ll_usb.o
                0x0000000008004452                USB_ActivateSetup
 .text.USB_EP0_OutStart
                0x0000000008004498       0xbc ./Drivers/STM32F4xx_HAL_Driver/Src/stm32f4xx_ll_usb.o
                0x0000000008004498                USB_EP0_OutStart
 .text.USB_CoreReset
                0x0000000008004554       0x68 ./Drivers/STM32F4xx_HAL_Driver/Src/stm32f4xx_ll_usb.o
 .text.USBD_CDC_Init
                0x00000000080045bc      0x1f0 ./Middlewares/ST/STM32_USB_Device_Library/Class/CDC/Src/usbd_cdc.o
 .text.USBD_CDC_DeInit
                0x00000000080047ac      0x104 ./Middlewares/ST/STM32_USB_Device_Library/Class/CDC/Src/usbd_cdc.o
 .text.USBD_CDC_Setup
                0x00000000080048b0      0x1b8 ./Middlewares/ST/STM32_USB_Device_Library/Class/CDC/Src/usbd_cdc.o
 .text.USBD_CDC_DataIn
                0x0000000008004a68       0xfe ./Middlewares/ST/STM32_USB_Device_Library/Class/CDC/Src/usbd_cdc.o
 .text.USBD_CDC_DataOut
                0x0000000008004b66       0x70 ./Middlewares/ST/STM32_USB_Device_Library/Class/CDC/Src/usbd_cdc.o
 .text.USBD_CDC_EP0_RxReady
                0x0000000008004bd6       0x76 ./Middlewares/ST/STM32_USB_Device_Library/Class/CDC/Src/usbd_cdc.o
 .text.USBD_CDC_GetFSCfgDesc
                0x0000000008004c4c       0x70 ./Middlewares/ST/STM32_USB_Device_Library/Class/CDC/Src/usbd_cdc.o
 .text.USBD_CDC_GetHSCfgDesc
                0x0000000008004cbc       0x70 ./Middlewares/ST/STM32_USB_Device_Library/Class/CDC/Src/usbd_cdc.o
 .text.USBD_CDC_GetOtherSpeedCfgDesc
                0x0000000008004d2c       0x70 ./Middlewares/ST/STM32_USB_Device_Library/Class/CDC/Src/usbd_cdc.o
 .text.USBD_CDC_GetDeviceQualifierDescriptor
                0x0000000008004d9c       0x20 ./Middlewares/ST/STM32_USB_Device_Library/Class/CDC/Src/usbd_cdc.o
                0x0000000008004d9c                USBD_CDC_GetDeviceQualifierDescriptor
 .text.USBD_CDC_RegisterInterface
                0x0000000008004dbc       0x34 ./Middlewares/ST/STM32_USB_Device_Library/Class/CDC/Src/usbd_cdc.o
                0x0000000008004dbc                USBD_CDC_RegisterInterface
 .text.USBD_CDC_SetTxBuffer
                0x0000000008004df0       0x44 ./Middlewares/ST/STM32_USB_Device_Library/Class/CDC/Src/usbd_cdc.o
                0x0000000008004df0                USBD_CDC_SetTxBuffer
 .text.USBD_CDC_SetRxBuffer
                0x0000000008004e34       0x3a ./Middlewares/ST/STM32_USB_Device_Library/Class/CDC/Src/usbd_cdc.o
                0x0000000008004e34                USBD_CDC_SetRxBuffer
 *fill*         0x0000000008004e6e        0x2 
 .text.USBD_CDC_ReceivePacket
                0x0000000008004e70       0x6c ./Middlewares/ST/STM32_USB_Device_Library/Class/CDC/Src/usbd_cdc.o
                0x0000000008004e70                USBD_CDC_ReceivePacket
 .text.USBD_Init
                0x0000000008004edc       0x60 ./Middlewares/ST/STM32_USB_Device_Library/Core/Src/usbd_core.o
                0x0000000008004edc                USBD_Init
 .text.USBD_RegisterClass
                0x0000000008004f3c       0x6c ./Middlewares/ST/STM32_USB_Device_Library/Core/Src/usbd_core.o
                0x0000000008004f3c                USBD_RegisterClass
 .text.USBD_Start
                0x0000000008004fa8       0x18 ./Middlewares/ST/STM32_USB_Device_Library/Core/Src/usbd_core.o
                0x0000000008004fa8                USBD_Start
 .text.USBD_RunTestMode
                0x0000000008004fc0       0x16 ./Middlewares/ST/STM32_USB_Device_Library/Core/Src/usbd_core.o
                0x0000000008004fc0                USBD_RunTestMode
 .text.USBD_SetClassConfig
                0x0000000008004fd6       0x38 ./Middlewares/ST/STM32_USB_Device_Library/Core/Src/usbd_core.o
                0x0000000008004fd6                USBD_SetClassConfig
 .text.USBD_ClrClassConfig
                0x000000000800500e       0x34 ./Middlewares/ST/STM32_USB_Device_Library/Core/Src/usbd_core.o
                0x000000000800500e                USBD_ClrClassConfig
 .text.USBD_LL_SetupStage
                0x0000000008005042       0xaa ./Middlewares/ST/STM32_USB_Device_Library/Core/Src/usbd_core.o
                0x0000000008005042                USBD_LL_SetupStage
 .text.USBD_LL_DataOutStage
                0x00000000080050ec      0x166 ./Middlewares/ST/STM32_USB_Device_Library/Core/Src/usbd_core.o
                0x00000000080050ec                USBD_LL_DataOutStage
 .text.USBD_LL_DataInStage
                0x0000000008005252      0x164 ./Middlewares/ST/STM32_USB_Device_Library/Core/Src/usbd_core.o
                0x0000000008005252                USBD_LL_DataInStage
 .text.USBD_LL_Reset
                0x00000000080053b6       0xa4 ./Middlewares/ST/STM32_USB_Device_Library/Core/Src/usbd_core.o
                0x00000000080053b6                USBD_LL_Reset
 .text.USBD_LL_SetSpeed
                0x000000000800545a       0x20 ./Middlewares/ST/STM32_USB_Device_Library/Core/Src/usbd_core.o
                0x000000000800545a                USBD_LL_SetSpeed
 .text.USBD_LL_Suspend
                0x000000000800547a       0x2c ./Middlewares/ST/STM32_USB_Device_Library/Core/Src/usbd_core.o
                0x000000000800547a                USBD_LL_Suspend
 .text.USBD_LL_Resume
                0x00000000080054a6       0x30 ./Middlewares/ST/STM32_USB_Device_Library/Core/Src/usbd_core.o
                0x00000000080054a6                USBD_LL_Resume
 .text.USBD_LL_SOF
                0x00000000080054d6       0x40 ./Middlewares/ST/STM32_USB_Device_Library/Core/Src/usbd_core.o
                0x00000000080054d6                USBD_LL_SOF
 .text.USBD_LL_IsoINIncomplete
                0x0000000008005516       0x64 ./Middlewares/ST/STM32_USB_Device_Library/Core/Src/usbd_core.o
                0x0000000008005516                USBD_LL_IsoINIncomplete
 .text.USBD_LL_IsoOUTIncomplete
                0x000000000800557a       0x64 ./Middlewares/ST/STM32_USB_Device_Library/Core/Src/usbd_core.o
                0x000000000800557a                USBD_LL_IsoOUTIncomplete
 .text.USBD_LL_DevConnected
                0x00000000080055de       0x16 ./Middlewares/ST/STM32_USB_Device_Library/Core/Src/usbd_core.o
                0x00000000080055de                USBD_LL_DevConnected
 .text.USBD_LL_DevDisconnected
                0x00000000080055f4       0x46 ./Middlewares/ST/STM32_USB_Device_Library/Core/Src/usbd_core.o
                0x00000000080055f4                USBD_LL_DevDisconnected
 .text.USBD_CoreFindIF
                0x000000000800563a       0x1a ./Middlewares/ST/STM32_USB_Device_Library/Core/Src/usbd_core.o
                0x000000000800563a                USBD_CoreFindIF
 .text.USBD_CoreFindEP
                0x0000000008005654       0x1a ./Middlewares/ST/STM32_USB_Device_Library/Core/Src/usbd_core.o
                0x0000000008005654                USBD_CoreFindEP
 .text.USBD_GetEpDesc
                0x000000000800566e       0x74 ./Middlewares/ST/STM32_USB_Device_Library/Core/Src/usbd_core.o
                0x000000000800566e                USBD_GetEpDesc
 .text.USBD_GetNextDesc
                0x00000000080056e2       0x3a ./Middlewares/ST/STM32_USB_Device_Library/Core/Src/usbd_core.o
                0x00000000080056e2                USBD_GetNextDesc
 .text.SWAPBYTE
                0x000000000800571c       0x3c ./Middlewares/ST/STM32_USB_Device_Library/Core/Src/usbd_ctlreq.o
 .text.USBD_StdDevReq
                0x0000000008005758       0xe4 ./Middlewares/ST/STM32_USB_Device_Library/Core/Src/usbd_ctlreq.o
                0x0000000008005758                USBD_StdDevReq
 .text.USBD_StdItfReq
                0x000000000800583c       0xd8 ./Middlewares/ST/STM32_USB_Device_Library/Core/Src/usbd_ctlreq.o
                0x000000000800583c                USBD_StdItfReq
 .text.USBD_StdEPReq
                0x0000000008005914      0x33a ./Middlewares/ST/STM32_USB_Device_Library/Core/Src/usbd_ctlreq.o
                0x0000000008005914                USBD_StdEPReq
 *fill*         0x0000000008005c4e        0x2 
 .text.USBD_GetDescriptor
                0x0000000008005c50      0x2d4 ./Middlewares/ST/STM32_USB_Device_Library/Core/Src/usbd_ctlreq.o
 .text.USBD_SetAddress
                0x0000000008005f24       0x88 ./Middlewares/ST/STM32_USB_Device_Library/Core/Src/usbd_ctlreq.o
 .text.USBD_SetConfig
                0x0000000008005fac      0x154 ./Middlewares/ST/STM32_USB_Device_Library/Core/Src/usbd_ctlreq.o
 .text.USBD_GetConfig
                0x0000000008006100       0x6c ./Middlewares/ST/STM32_USB_Device_Library/Core/Src/usbd_ctlreq.o
 .text.USBD_GetStatus
                0x000000000800616c       0x68 ./Middlewares/ST/STM32_USB_Device_Library/Core/Src/usbd_ctlreq.o
 .text.USBD_SetFeature
                0x00000000080061d4       0x52 ./Middlewares/ST/STM32_USB_Device_Library/Core/Src/usbd_ctlreq.o
 .text.USBD_ClrFeature
                0x0000000008006226       0x44 ./Middlewares/ST/STM32_USB_Device_Library/Core/Src/usbd_ctlreq.o
 .text.USBD_ParseSetupRequest
                0x000000000800626a       0x74 ./Middlewares/ST/STM32_USB_Device_Library/Core/Src/usbd_ctlreq.o
                0x000000000800626a                USBD_ParseSetupRequest
 .text.USBD_CtlError
                0x00000000080062de       0x22 ./Middlewares/ST/STM32_USB_Device_Library/Core/Src/usbd_ctlreq.o
                0x00000000080062de                USBD_CtlError
 .text.USBD_GetString
                0x0000000008006300       0x8c ./Middlewares/ST/STM32_USB_Device_Library/Core/Src/usbd_ctlreq.o
                0x0000000008006300                USBD_GetString
 .text.USBD_GetLen
                0x000000000800638c       0x34 ./Middlewares/ST/STM32_USB_Device_Library/Core/Src/usbd_ctlreq.o
 .text.USBD_CtlSendData
                0x00000000080063c0       0x36 ./Middlewares/ST/STM32_USB_Device_Library/Core/Src/usbd_ioreq.o
                0x00000000080063c0                USBD_CtlSendData
 .text.USBD_CtlContinueSendData
                0x00000000080063f6       0x22 ./Middlewares/ST/STM32_USB_Device_Library/Core/Src/usbd_ioreq.o
                0x00000000080063f6                USBD_CtlContinueSendData
 .text.USBD_CtlPrepareRx
                0x0000000008006418       0x3a ./Middlewares/ST/STM32_USB_Device_Library/Core/Src/usbd_ioreq.o
                0x0000000008006418                USBD_CtlPrepareRx
 .text.USBD_CtlContinueRx
                0x0000000008006452       0x22 ./Middlewares/ST/STM32_USB_Device_Library/Core/Src/usbd_ioreq.o
                0x0000000008006452                USBD_CtlContinueRx
 .text.USBD_CtlSendStatus
                0x0000000008006474       0x26 ./Middlewares/ST/STM32_USB_Device_Library/Core/Src/usbd_ioreq.o
                0x0000000008006474                USBD_CtlSendStatus
 .text.USBD_CtlReceiveStatus
                0x000000000800649a       0x26 ./Middlewares/ST/STM32_USB_Device_Library/Core/Src/usbd_ioreq.o
                0x000000000800649a                USBD_CtlReceiveStatus
 .text.MX_USB_DEVICE_Init
                0x00000000080064c0       0x60 ./USB_DEVICE/App/usb_device.o
                0x00000000080064c0                MX_USB_DEVICE_Init
 .text.CDC_Init_FS
                0x0000000008006520       0x28 ./USB_DEVICE/App/usbd_cdc_if.o
 .text.CDC_DeInit_FS
                0x0000000008006548       0x10 ./USB_DEVICE/App/usbd_cdc_if.o
 .text.CDC_Control_FS
                0x0000000008006558       0xbc ./USB_DEVICE/App/usbd_cdc_if.o
 .text.CDC_Receive_FS
                0x0000000008006614       0x44 ./USB_DEVICE/App/usbd_cdc_if.o
 .text.CDC_TransmitCplt_FS
                0x0000000008006658       0x22 ./USB_DEVICE/App/usbd_cdc_if.o
 *fill*         0x000000000800667a        0x2 
 .text.USBD_FS_DeviceDescriptor
                0x000000000800667c       0x24 ./USB_DEVICE/App/usbd_desc.o
                0x000000000800667c                USBD_FS_DeviceDescriptor
 .text.USBD_FS_LangIDStrDescriptor
                0x00000000080066a0       0x24 ./USB_DEVICE/App/usbd_desc.o
                0x00000000080066a0                USBD_FS_LangIDStrDescriptor
 .text.USBD_FS_ProductStrDescriptor
                0x00000000080066c4       0x3c ./USB_DEVICE/App/usbd_desc.o
                0x00000000080066c4                USBD_FS_ProductStrDescriptor
 .text.USBD_FS_ManufacturerStrDescriptor
                0x0000000008006700       0x28 ./USB_DEVICE/App/usbd_desc.o
                0x0000000008006700                USBD_FS_ManufacturerStrDescriptor
 .text.USBD_FS_SerialStrDescriptor
                0x0000000008006728       0x24 ./USB_DEVICE/App/usbd_desc.o
                0x0000000008006728                USBD_FS_SerialStrDescriptor
 .text.USBD_FS_ConfigStrDescriptor
                0x000000000800674c       0x3c ./USB_DEVICE/App/usbd_desc.o
                0x000000000800674c                USBD_FS_ConfigStrDescriptor
 .text.USBD_FS_InterfaceStrDescriptor
                0x0000000008006788       0x3c ./USB_DEVICE/App/usbd_desc.o
                0x0000000008006788                USBD_FS_InterfaceStrDescriptor
 .text.Get_SerialNum
                0x00000000080067c4       0x58 ./USB_DEVICE/App/usbd_desc.o
 .text.IntToUnicode
                0x000000000800681c       0x7e ./USB_DEVICE/App/usbd_desc.o
 *fill*         0x000000000800689a        0x2 
 .text.HAL_PCD_MspInit
                0x000000000800689c       0xa8 ./USB_DEVICE/Target/usbd_conf.o
                0x000000000800689c                HAL_PCD_MspInit
 .text.HAL_PCD_SetupStageCallback
                0x0000000008006944       0x24 ./USB_DEVICE/Target/usbd_conf.o
                0x0000000008006944                HAL_PCD_SetupStageCallback
 .text.HAL_PCD_DataOutStageCallback
                0x0000000008006968       0x36 ./USB_DEVICE/Target/usbd_conf.o
                0x0000000008006968                HAL_PCD_DataOutStageCallback
 .text.HAL_PCD_DataInStageCallback
                0x000000000800699e       0x34 ./USB_DEVICE/Target/usbd_conf.o
                0x000000000800699e                HAL_PCD_DataInStageCallback
 .text.HAL_PCD_SOFCallback
                0x00000000080069d2       0x1c ./USB_DEVICE/Target/usbd_conf.o
                0x00000000080069d2                HAL_PCD_SOFCallback
 .text.HAL_PCD_ResetCallback
                0x00000000080069ee       0x50 ./USB_DEVICE/Target/usbd_conf.o
                0x00000000080069ee                HAL_PCD_ResetCallback
 *fill*         0x0000000008006a3e        0x2 
 .text.HAL_PCD_SuspendCallback
                0x0000000008006a40       0x4c ./USB_DEVICE/Target/usbd_conf.o
                0x0000000008006a40                HAL_PCD_SuspendCallback
 .text.HAL_PCD_ResumeCallback
                0x0000000008006a8c       0x1c ./USB_DEVICE/Target/usbd_conf.o
                0x0000000008006a8c                HAL_PCD_ResumeCallback
 .text.HAL_PCD_ISOOUTIncompleteCallback
                0x0000000008006aa8       0x24 ./USB_DEVICE/Target/usbd_conf.o
                0x0000000008006aa8                HAL_PCD_ISOOUTIncompleteCallback
 .text.HAL_PCD_ISOINIncompleteCallback
                0x0000000008006acc       0x24 ./USB_DEVICE/Target/usbd_conf.o
                0x0000000008006acc                HAL_PCD_ISOINIncompleteCallback
 .text.HAL_PCD_ConnectCallback
                0x0000000008006af0       0x1c ./USB_DEVICE/Target/usbd_conf.o
                0x0000000008006af0                HAL_PCD_ConnectCallback
 .text.HAL_PCD_DisconnectCallback
                0x0000000008006b0c       0x1c ./USB_DEVICE/Target/usbd_conf.o
                0x0000000008006b0c                HAL_PCD_DisconnectCallback
 .text.USBD_LL_Init
                0x0000000008006b28       0x98 ./USB_DEVICE/Target/usbd_conf.o
                0x0000000008006b28                USBD_LL_Init
 .text.USBD_LL_Start
                0x0000000008006bc0       0x36 ./USB_DEVICE/Target/usbd_conf.o
                0x0000000008006bc0                USBD_LL_Start
 .text.USBD_LL_OpenEP
                0x0000000008006bf6       0x4c ./USB_DEVICE/Target/usbd_conf.o
                0x0000000008006bf6                USBD_LL_OpenEP
 .text.USBD_LL_CloseEP
                0x0000000008006c42       0x3e ./USB_DEVICE/Target/usbd_conf.o
                0x0000000008006c42                USBD_LL_CloseEP
 .text.USBD_LL_StallEP
                0x0000000008006c80       0x3e ./USB_DEVICE/Target/usbd_conf.o
                0x0000000008006c80                USBD_LL_StallEP
 .text.USBD_LL_ClearStallEP
                0x0000000008006cbe       0x3e ./USB_DEVICE/Target/usbd_conf.o
                0x0000000008006cbe                USBD_LL_ClearStallEP
 .text.USBD_LL_IsStallEP
                0x0000000008006cfc       0x58 ./USB_DEVICE/Target/usbd_conf.o
                0x0000000008006cfc                USBD_LL_IsStallEP
 .text.USBD_LL_SetUSBAddress
                0x0000000008006d54       0x3e ./USB_DEVICE/Target/usbd_conf.o
                0x0000000008006d54                USBD_LL_SetUSBAddress
 .text.USBD_LL_Transmit
                0x0000000008006d92       0x42 ./USB_DEVICE/Target/usbd_conf.o
                0x0000000008006d92                USBD_LL_Transmit
 .text.USBD_LL_PrepareReceive
                0x0000000008006dd4       0x42 ./USB_DEVICE/Target/usbd_conf.o
                0x0000000008006dd4                USBD_LL_PrepareReceive
 .text.USBD_LL_GetRxDataSize
                0x0000000008006e16       0x26 ./USB_DEVICE/Target/usbd_conf.o
                0x0000000008006e16                USBD_LL_GetRxDataSize
 .text.USBD_static_malloc
                0x0000000008006e3c       0x1c ./USB_DEVICE/Target/usbd_conf.o
                0x0000000008006e3c                USBD_static_malloc
 .text.USBD_static_free
                0x0000000008006e58       0x14 ./USB_DEVICE/Target/usbd_conf.o
                0x0000000008006e58                USBD_static_free
 .text.USBD_Get_USB_Status
                0x0000000008006e6c       0x58 ./USB_DEVICE/Target/usbd_conf.o
                0x0000000008006e6c                USBD_Get_USB_Status
 .text.__libc_init_array
                0x0000000008006ec4       0x48 c:/st/stm32cubeide_1.12.0/stm32cubeide/plugins/com.st.stm32cube.ide.mcu.externaltools.gnu-tools-for-stm32.10.3-2021.10.win32_1.0.200.202301161003/tools/bin/../lib/gcc/arm-none-eabi/10.3.1/../../../../arm-none-eabi/lib/thumb/v7e-m+fp/hard\libc_nano.a(lib_a-init.o)
                0x0000000008006ec4                __libc_init_array
 .text.memset   0x0000000008006f0c       0x10 c:/st/stm32cubeide_1.12.0/stm32cubeide/plugins/com.st.stm32cube.ide.mcu.externaltools.gnu-tools-for-stm32.10.3-2021.10.win32_1.0.200.202301161003/tools/bin/../lib/gcc/arm-none-eabi/10.3.1/../../../../arm-none-eabi/lib/thumb/v7e-m+fp/hard\libc_nano.a(lib_a-memset.o)
                0x0000000008006f0c                memset
 *(.glue_7)
 .glue_7        0x0000000008006f1c        0x0 linker stubs
 *(.glue_7t)
 .glue_7t       0x0000000008006f1c        0x0 linker stubs
 *(.eh_frame)
 .eh_frame      0x0000000008006f1c        0x0 c:/st/stm32cubeide_1.12.0/stm32cubeide/plugins/com.st.stm32cube.ide.mcu.externaltools.gnu-tools-for-stm32.10.3-2021.10.win32_1.0.200.202301161003/tools/bin/../lib/gcc/arm-none-eabi/10.3.1/thumb/v7e-m+fp/hard/crtbegin.o
 *(.init)
 .init          0x0000000008006f1c        0x4 c:/st/stm32cubeide_1.12.0/stm32cubeide/plugins/com.st.stm32cube.ide.mcu.externaltools.gnu-tools-for-stm32.10.3-2021.10.win32_1.0.200.202301161003/tools/bin/../lib/gcc/arm-none-eabi/10.3.1/thumb/v7e-m+fp/hard/crti.o
                0x0000000008006f1c                _init
 .init          0x0000000008006f20        0x8 c:/st/stm32cubeide_1.12.0/stm32cubeide/plugins/com.st.stm32cube.ide.mcu.externaltools.gnu-tools-for-stm32.10.3-2021.10.win32_1.0.200.202301161003/tools/bin/../lib/gcc/arm-none-eabi/10.3.1/thumb/v7e-m+fp/hard/crtn.o
 *(.fini)
 .fini          0x0000000008006f28        0x4 c:/st/stm32cubeide_1.12.0/stm32cubeide/plugins/com.st.stm32cube.ide.mcu.externaltools.gnu-tools-for-stm32.10.3-2021.10.win32_1.0.200.202301161003/tools/bin/../lib/gcc/arm-none-eabi/10.3.1/thumb/v7e-m+fp/hard/crti.o
                0x0000000008006f28                _fini
 .fini          0x0000000008006f2c        0x8 c:/st/stm32cubeide_1.12.0/stm32cubeide/plugins/com.st.stm32cube.ide.mcu.externaltools.gnu-tools-for-stm32.10.3-2021.10.win32_1.0.200.202301161003/tools/bin/../lib/gcc/arm-none-eabi/10.3.1/thumb/v7e-m+fp/hard/crtn.o
                0x0000000008006f34                . = ALIGN (0x4)
                0x0000000008006f34                _etext = .

.vfp11_veneer   0x0000000008006f34        0x0
 .vfp11_veneer  0x0000000008006f34        0x0 linker stubs

.v4_bx          0x0000000008006f34        0x0
 .v4_bx         0x0000000008006f34        0x0 linker stubs

.iplt           0x0000000008006f34        0x0
 .iplt          0x0000000008006f34        0x0 c:/st/stm32cubeide_1.12.0/stm32cubeide/plugins/com.st.stm32cube.ide.mcu.externaltools.gnu-tools-for-stm32.10.3-2021.10.win32_1.0.200.202301161003/tools/bin/../lib/gcc/arm-none-eabi/10.3.1/thumb/v7e-m+fp/hard/crtbegin.o

.rodata         0x0000000008006f34       0x58
                0x0000000008006f34                . = ALIGN (0x4)
 *(.rodata)
 .rodata        0x0000000008006f34       0x46 ./USB_DEVICE/App/usbd_desc.o
 *(.rodata*)
 *fill*         0x0000000008006f7a        0x2 
 .rodata.AHBPrescTable
                0x0000000008006f7c       0x10 ./Core/Src/system_stm32f4xx.o
                0x0000000008006f7c                AHBPrescTable
                0x0000000008006f8c                . = ALIGN (0x4)

.ARM.extab      0x0000000008006f8c        0x0
                0x0000000008006f8c                . = ALIGN (0x4)
 *(.ARM.extab* .gnu.linkonce.armextab.*)
                0x0000000008006f8c                . = ALIGN (0x4)

.ARM            0x0000000008006f8c        0x8
                0x0000000008006f8c                . = ALIGN (0x4)
                0x0000000008006f8c                __exidx_start = .
 *(.ARM.exidx*)
 .ARM.exidx     0x0000000008006f8c        0x8 c:/st/stm32cubeide_1.12.0/stm32cubeide/plugins/com.st.stm32cube.ide.mcu.externaltools.gnu-tools-for-stm32.10.3-2021.10.win32_1.0.200.202301161003/tools/bin/../lib/gcc/arm-none-eabi/10.3.1/thumb/v7e-m+fp/hard\libgcc.a(_udivmoddi4.o)
                0x0000000008006f94                __exidx_end = .
                0x0000000008006f94                . = ALIGN (0x4)

.rel.dyn        0x0000000008006f94        0x0
 .rel.iplt      0x0000000008006f94        0x0 c:/st/stm32cubeide_1.12.0/stm32cubeide/plugins/com.st.stm32cube.ide.mcu.externaltools.gnu-tools-for-stm32.10.3-2021.10.win32_1.0.200.202301161003/tools/bin/../lib/gcc/arm-none-eabi/10.3.1/thumb/v7e-m+fp/hard/crtbegin.o

.preinit_array  0x0000000008006f94        0x0
                0x0000000008006f94                . = ALIGN (0x4)
                0x0000000008006f94                PROVIDE (__preinit_array_start = .)
 *(.preinit_array*)
                0x0000000008006f94                PROVIDE (__preinit_array_end = .)
                0x0000000008006f94                . = ALIGN (0x4)

.init_array     0x0000000008006f94        0x4
                0x0000000008006f94                . = ALIGN (0x4)
                0x0000000008006f94                PROVIDE (__init_array_start = .)
 *(SORT_BY_NAME(.init_array.*))
 *(.init_array*)
 .init_array    0x0000000008006f94        0x4 c:/st/stm32cubeide_1.12.0/stm32cubeide/plugins/com.st.stm32cube.ide.mcu.externaltools.gnu-tools-for-stm32.10.3-2021.10.win32_1.0.200.202301161003/tools/bin/../lib/gcc/arm-none-eabi/10.3.1/thumb/v7e-m+fp/hard/crtbegin.o
                0x0000000008006f98                PROVIDE (__init_array_end = .)
                0x0000000008006f98                . = ALIGN (0x4)

.fini_array     0x0000000008006f98        0x4
                0x0000000008006f98                . = ALIGN (0x4)
                [!provide]                        PROVIDE (__fini_array_start = .)
 *(SORT_BY_NAME(.fini_array.*))
 *(.fini_array*)
 .fini_array    0x0000000008006f98        0x4 c:/st/stm32cubeide_1.12.0/stm32cubeide/plugins/com.st.stm32cube.ide.mcu.externaltools.gnu-tools-for-stm32.10.3-2021.10.win32_1.0.200.202301161003/tools/bin/../lib/gcc/arm-none-eabi/10.3.1/thumb/v7e-m+fp/hard/crtbegin.o
                [!provide]                        PROVIDE (__fini_array_end = .)
                0x0000000008006f9c                . = ALIGN (0x4)
                0x0000000008006f9c                _sidata = LOADADDR (.data)

.data           0x0000000020000000       0xfc load address 0x0000000008006f9c
                0x0000000020000000                . = ALIGN (0x4)
                0x0000000020000000                _sdata = .
 *(.data)
 *(.data*)
 .data.SystemCoreClock
                0x0000000020000000        0x4 ./Core/Src/system_stm32f4xx.o
                0x0000000020000000                SystemCoreClock
 .data.uwTickPrio
                0x0000000020000004        0x4 ./Drivers/STM32F4xx_HAL_Driver/Src/stm32f4xx_hal.o
                0x0000000020000004                uwTickPrio
 .data.uwTickFreq
                0x0000000020000008        0x1 ./Drivers/STM32F4xx_HAL_Driver/Src/stm32f4xx_hal.o
                0x0000000020000008                uwTickFreq
 *fill*         0x0000000020000009        0x3 
 .data.USBD_CDC_DeviceQualifierDesc
                0x000000002000000c        0xa ./Middlewares/ST/STM32_USB_Device_Library/Class/CDC/Src/usbd_cdc.o
 *fill*         0x0000000020000016        0x2 
 .data.USBD_CDC
                0x0000000020000018       0x38 ./Middlewares/ST/STM32_USB_Device_Library/Class/CDC/Src/usbd_cdc.o
                0x0000000020000018                USBD_CDC
 .data.USBD_CDC_CfgDesc
                0x0000000020000050       0x43 ./Middlewares/ST/STM32_USB_Device_Library/Class/CDC/Src/usbd_cdc.o
 .data.CDCInEpAdd
                0x0000000020000093        0x1 ./Middlewares/ST/STM32_USB_Device_Library/Class/CDC/Src/usbd_cdc.o
 .data.CDCOutEpAdd
                0x0000000020000094        0x1 ./Middlewares/ST/STM32_USB_Device_Library/Class/CDC/Src/usbd_cdc.o
 .data.CDCCmdEpAdd
                0x0000000020000095        0x1 ./Middlewares/ST/STM32_USB_Device_Library/Class/CDC/Src/usbd_cdc.o
 *fill*         0x0000000020000096        0x2 
 .data.USBD_Interface_fops_FS
                0x0000000020000098       0x14 ./USB_DEVICE/App/usbd_cdc_if.o
                0x0000000020000098                USBD_Interface_fops_FS
 .data.FS_Desc  0x00000000200000ac       0x1c ./USB_DEVICE/App/usbd_desc.o
                0x00000000200000ac                FS_Desc
 .data.USBD_FS_DeviceDesc
                0x00000000200000c8       0x12 ./USB_DEVICE/App/usbd_desc.o
                0x00000000200000c8                USBD_FS_DeviceDesc
 *fill*         0x00000000200000da        0x2 
 .data.USBD_LangIDDesc
                0x00000000200000dc        0x4 ./USB_DEVICE/App/usbd_desc.o
                0x00000000200000dc                USBD_LangIDDesc
 .data.USBD_StringSerial
                0x00000000200000e0       0x1a ./USB_DEVICE/App/usbd_desc.o
                0x00000000200000e0                USBD_StringSerial
 *(.RamFunc)
 *(.RamFunc*)
                0x00000000200000fc                . = ALIGN (0x4)
 *fill*         0x00000000200000fa        0x2 
                0x00000000200000fc                _edata = .
                0x0000000008007098                _siccmram = LOADADDR (.ccmram)

.igot.plt       0x00000000200000fc        0x0 load address 0x0000000008007098
 .igot.plt      0x00000000200000fc        0x0 c:/st/stm32cubeide_1.12.0/stm32cubeide/plugins/com.st.stm32cube.ide.mcu.externaltools.gnu-tools-for-stm32.10.3-2021.10.win32_1.0.200.202301161003/tools/bin/../lib/gcc/arm-none-eabi/10.3.1/thumb/v7e-m+fp/hard/crtbegin.o

.ccmram         0x0000000010000000        0x0 load address 0x0000000008007098
                0x0000000010000000                . = ALIGN (0x4)
                0x0000000010000000                _sccmram = .
 *(.ccmram)
 *(.ccmram*)
                0x0000000010000000                . = ALIGN (0x4)
                0x0000000010000000                _eccmram = .
                0x0000000010000000                . = ALIGN (0x4)

.bss            0x00000000200000fc     0x1c44
                0x00000000200000fc                _sbss = .
                0x00000000200000fc                __bss_start__ = _sbss
 *(.bss)
 .bss           0x00000000200000fc       0x1c c:/st/stm32cubeide_1.12.0/stm32cubeide/plugins/com.st.stm32cube.ide.mcu.externaltools.gnu-tools-for-stm32.10.3-2021.10.win32_1.0.200.202301161003/tools/bin/../lib/gcc/arm-none-eabi/10.3.1/thumb/v7e-m+fp/hard/crtbegin.o
 *(.bss*)
 .bss.pin_state
                0x0000000020000118        0x1 ./Core/Src/main.o
                0x0000000020000118                pin_state
 .bss.bit_state
                0x0000000020000119        0x1 ./Core/Src/main.o
                0x0000000020000119                bit_state
 .bss.Receive_Character
                0x000000002000011a        0x1 ./Core/Src/main.o
                0x000000002000011a                Receive_Character
 *fill*         0x000000002000011b        0x1 
 .bss.receivebuffer
                0x000000002000011c       0x14 ./Core/Src/main.o
                0x000000002000011c                receivebuffer
 .bss.uwTick    0x0000000020000130        0x4 ./Drivers/STM32F4xx_HAL_Driver/Src/stm32f4xx_hal.o
                0x0000000020000130                uwTick
 .bss.cfgidx.0  0x0000000020000134        0x1 ./Middlewares/ST/STM32_USB_Device_Library/Core/Src/usbd_ctlreq.o
 *fill*         0x0000000020000135        0x3 
 .bss.hUsbDeviceFS
                0x0000000020000138      0x2dc ./USB_DEVICE/App/usb_device.o
                0x0000000020000138                hUsbDeviceFS
 .bss.UserRxBufferFS
                0x0000000020000414      0x800 ./USB_DEVICE/App/usbd_cdc_if.o
                0x0000000020000414                UserRxBufferFS
 .bss.UserTxBufferFS
                0x0000000020000c14      0x800 ./USB_DEVICE/App/usbd_cdc_if.o
                0x0000000020000c14                UserTxBufferFS
 .bss.USBD_StrDesc
                0x0000000020001414      0x200 ./USB_DEVICE/App/usbd_desc.o
                0x0000000020001414                USBD_StrDesc
 .bss.hpcd_USB_OTG_FS
                0x0000000020001614      0x50c ./USB_DEVICE/Target/usbd_conf.o
                0x0000000020001614                hpcd_USB_OTG_FS
 .bss.mem.0     0x0000000020001b20      0x220 ./USB_DEVICE/Target/usbd_conf.o
 *(COMMON)
                0x0000000020001d40                . = ALIGN (0x4)
                0x0000000020001d40                _ebss = .
                0x0000000020001d40                __bss_end__ = _ebss

._user_heap_stack
                0x0000000020001d40      0x600
                0x0000000020001d40                . = ALIGN (0x8)
                [!provide]                        PROVIDE (end = .)
                0x0000000020001d40                PROVIDE (_end = .)
                0x0000000020001f40                . = (. + _Min_Heap_Size)
 *fill*         0x0000000020001d40      0x200 
                0x0000000020002340                . = (. + _Min_Stack_Size)
 *fill*         0x0000000020001f40      0x400 
                0x0000000020002340                . = ALIGN (0x8)

/DISCARD/
 libc.a(*)
 libm.a(*)
 libgcc.a(*)

.ARM.attributes
                0x0000000000000000       0x30
 *(.ARM.attributes)
 .ARM.attributes
                0x0000000000000000       0x1e c:/st/stm32cubeide_1.12.0/stm32cubeide/plugins/com.st.stm32cube.ide.mcu.externaltools.gnu-tools-for-stm32.10.3-2021.10.win32_1.0.200.202301161003/tools/bin/../lib/gcc/arm-none-eabi/10.3.1/thumb/v7e-m+fp/hard/crti.o
 .ARM.attributes
                0x000000000000001e       0x34 c:/st/stm32cubeide_1.12.0/stm32cubeide/plugins/com.st.stm32cube.ide.mcu.externaltools.gnu-tools-for-stm32.10.3-2021.10.win32_1.0.200.202301161003/tools/bin/../lib/gcc/arm-none-eabi/10.3.1/thumb/v7e-m+fp/hard/crtbegin.o
 .ARM.attributes
                0x0000000000000052       0x34 ./Core/Src/main.o
 .ARM.attributes
                0x0000000000000086       0x34 ./Core/Src/stm32f4xx_hal_msp.o
 .ARM.attributes
                0x00000000000000ba       0x34 ./Core/Src/stm32f4xx_it.o
 .ARM.attributes
                0x00000000000000ee       0x34 ./Core/Src/system_stm32f4xx.o
 .ARM.attributes
                0x0000000000000122       0x21 ./Core/Startup/startup_stm32f407vgtx.o
 .ARM.attributes
                0x0000000000000143       0x34 ./Drivers/STM32F4xx_HAL_Driver/Src/stm32f4xx_hal.o
 .ARM.attributes
                0x0000000000000177       0x34 ./Drivers/STM32F4xx_HAL_Driver/Src/stm32f4xx_hal_cortex.o
 .ARM.attributes
                0x00000000000001ab       0x34 ./Drivers/STM32F4xx_HAL_Driver/Src/stm32f4xx_hal_gpio.o
 .ARM.attributes
                0x00000000000001df       0x34 ./Drivers/STM32F4xx_HAL_Driver/Src/stm32f4xx_hal_pcd.o
 .ARM.attributes
                0x0000000000000213       0x34 ./Drivers/STM32F4xx_HAL_Driver/Src/stm32f4xx_hal_pcd_ex.o
 .ARM.attributes
                0x0000000000000247       0x34 ./Drivers/STM32F4xx_HAL_Driver/Src/stm32f4xx_hal_rcc.o
 .ARM.attributes
                0x000000000000027b       0x34 ./Drivers/STM32F4xx_HAL_Driver/Src/stm32f4xx_ll_usb.o
 .ARM.attributes
                0x00000000000002af       0x34 ./Middlewares/ST/STM32_USB_Device_Library/Class/CDC/Src/usbd_cdc.o
 .ARM.attributes
                0x00000000000002e3       0x34 ./Middlewares/ST/STM32_USB_Device_Library/Core/Src/usbd_core.o
 .ARM.attributes
                0x0000000000000317       0x34 ./Middlewares/ST/STM32_USB_Device_Library/Core/Src/usbd_ctlreq.o
 .ARM.attributes
                0x000000000000034b       0x34 ./Middlewares/ST/STM32_USB_Device_Library/Core/Src/usbd_ioreq.o
 .ARM.attributes
                0x000000000000037f       0x34 ./USB_DEVICE/App/usb_device.o
 .ARM.attributes
                0x00000000000003b3       0x34 ./USB_DEVICE/App/usbd_cdc_if.o
 .ARM.attributes
                0x00000000000003e7       0x34 ./USB_DEVICE/App/usbd_desc.o
 .ARM.attributes
                0x000000000000041b       0x34 ./USB_DEVICE/Target/usbd_conf.o
 .ARM.attributes
                0x000000000000044f       0x34 c:/st/stm32cubeide_1.12.0/stm32cubeide/plugins/com.st.stm32cube.ide.mcu.externaltools.gnu-tools-for-stm32.10.3-2021.10.win32_1.0.200.202301161003/tools/bin/../lib/gcc/arm-none-eabi/10.3.1/../../../../arm-none-eabi/lib/thumb/v7e-m+fp/hard\libc_nano.a(lib_a-init.o)
 .ARM.attributes
                0x0000000000000483       0x34 c:/st/stm32cubeide_1.12.0/stm32cubeide/plugins/com.st.stm32cube.ide.mcu.externaltools.gnu-tools-for-stm32.10.3-2021.10.win32_1.0.200.202301161003/tools/bin/../lib/gcc/arm-none-eabi/10.3.1/../../../../arm-none-eabi/lib/thumb/v7e-m+fp/hard\libc_nano.a(lib_a-memset.o)
 .ARM.attributes
                0x00000000000004b7       0x1e c:/st/stm32cubeide_1.12.0/stm32cubeide/plugins/com.st.stm32cube.ide.mcu.externaltools.gnu-tools-for-stm32.10.3-2021.10.win32_1.0.200.202301161003/tools/bin/../lib/gcc/arm-none-eabi/10.3.1/thumb/v7e-m+fp/hard\libgcc.a(_aeabi_uldivmod.o)
 .ARM.attributes
                0x00000000000004d5       0x34 c:/st/stm32cubeide_1.12.0/stm32cubeide/plugins/com.st.stm32cube.ide.mcu.externaltools.gnu-tools-for-stm32.10.3-2021.10.win32_1.0.200.202301161003/tools/bin/../lib/gcc/arm-none-eabi/10.3.1/thumb/v7e-m+fp/hard\libgcc.a(_udivmoddi4.o)
 .ARM.attributes
                0x0000000000000509       0x1e c:/st/stm32cubeide_1.12.0/stm32cubeide/plugins/com.st.stm32cube.ide.mcu.externaltools.gnu-tools-for-stm32.10.3-2021.10.win32_1.0.200.202301161003/tools/bin/../lib/gcc/arm-none-eabi/10.3.1/thumb/v7e-m+fp/hard\libgcc.a(_dvmd_tls.o)
 .ARM.attributes
                0x0000000000000527       0x1e c:/st/stm32cubeide_1.12.0/stm32cubeide/plugins/com.st.stm32cube.ide.mcu.externaltools.gnu-tools-for-stm32.10.3-2021.10.win32_1.0.200.202301161003/tools/bin/../lib/gcc/arm-none-eabi/10.3.1/thumb/v7e-m+fp/hard/crtn.o
OUTPUT(project.elf elf32-littlearm)
LOAD linker stubs
LOAD c:/st/stm32cubeide_1.12.0/stm32cubeide/plugins/com.st.stm32cube.ide.mcu.externaltools.gnu-tools-for-stm32.10.3-2021.10.win32_1.0.200.202301161003/tools/bin/../lib/gcc/arm-none-eabi/10.3.1/../../../../arm-none-eabi/lib/thumb/v7e-m+fp/hard\libc.a
LOAD c:/st/stm32cubeide_1.12.0/stm32cubeide/plugins/com.st.stm32cube.ide.mcu.externaltools.gnu-tools-for-stm32.10.3-2021.10.win32_1.0.200.202301161003/tools/bin/../lib/gcc/arm-none-eabi/10.3.1/../../../../arm-none-eabi/lib/thumb/v7e-m+fp/hard\libm.a
LOAD c:/st/stm32cubeide_1.12.0/stm32cubeide/plugins/com.st.stm32cube.ide.mcu.externaltools.gnu-tools-for-stm32.10.3-2021.10.win32_1.0.200.202301161003/tools/bin/../lib/gcc/arm-none-eabi/10.3.1/thumb/v7e-m+fp/hard\libgcc.a

.debug_info     0x0000000000000000     0xde90
 .debug_info    0x0000000000000000      0x7b1 ./Core/Src/main.o
 .debug_info    0x00000000000007b1      0x2a8 ./Core/Src/stm32f4xx_hal_msp.o
 .debug_info    0x0000000000000a59      0x650 ./Core/Src/stm32f4xx_it.o
 .debug_info    0x00000000000010a9      0x523 ./Core/Src/system_stm32f4xx.o
 .debug_info    0x00000000000015cc       0x22 ./Core/Startup/startup_stm32f407vgtx.o
 .debug_info    0x00000000000015ee      0x97c ./Drivers/STM32F4xx_HAL_Driver/Src/stm32f4xx_hal.o
 .debug_info    0x0000000000001f6a      0xe1b ./Drivers/STM32F4xx_HAL_Driver/Src/stm32f4xx_hal_cortex.o
 .debug_info    0x0000000000002d85      0x76a ./Drivers/STM32F4xx_HAL_Driver/Src/stm32f4xx_hal_gpio.o
 .debug_info    0x00000000000034ef     0x1695 ./Drivers/STM32F4xx_HAL_Driver/Src/stm32f4xx_hal_pcd.o
 .debug_info    0x0000000000004b84      0x717 ./Drivers/STM32F4xx_HAL_Driver/Src/stm32f4xx_hal_pcd_ex.o
 .debug_info    0x000000000000529b      0x966 ./Drivers/STM32F4xx_HAL_Driver/Src/stm32f4xx_hal_rcc.o
 .debug_info    0x0000000000005c01     0x1a97 ./Drivers/STM32F4xx_HAL_Driver/Src/stm32f4xx_ll_usb.o
 .debug_info    0x0000000000007698     0x130c ./Middlewares/ST/STM32_USB_Device_Library/Class/CDC/Src/usbd_cdc.o
 .debug_info    0x00000000000089a4      0xee7 ./Middlewares/ST/STM32_USB_Device_Library/Core/Src/usbd_core.o
 .debug_info    0x000000000000988b      0xb7f ./Middlewares/ST/STM32_USB_Device_Library/Core/Src/usbd_ctlreq.o
 .debug_info    0x000000000000a40a      0x7da ./Middlewares/ST/STM32_USB_Device_Library/Core/Src/usbd_ioreq.o
 .debug_info    0x000000000000abe4      0x76a ./USB_DEVICE/App/usb_device.o
 .debug_info    0x000000000000b34e      0x98b ./USB_DEVICE/App/usbd_cdc_if.o
 .debug_info    0x000000000000bcd9      0x498 ./USB_DEVICE/App/usbd_desc.o
 .debug_info    0x000000000000c171     0x1d1f ./USB_DEVICE/Target/usbd_conf.o

.debug_abbrev   0x0000000000000000     0x28a3
 .debug_abbrev  0x0000000000000000      0x238 ./Core/Src/main.o
 .debug_abbrev  0x0000000000000238       0xd4 ./Core/Src/stm32f4xx_hal_msp.o
 .debug_abbrev  0x000000000000030c      0x199 ./Core/Src/stm32f4xx_it.o
 .debug_abbrev  0x00000000000004a5      0x116 ./Core/Src/system_stm32f4xx.o
 .debug_abbrev  0x00000000000005bb       0x12 ./Core/Startup/startup_stm32f407vgtx.o
 .debug_abbrev  0x00000000000005cd      0x20d ./Drivers/STM32F4xx_HAL_Driver/Src/stm32f4xx_hal.o
 .debug_abbrev  0x00000000000007da      0x316 ./Drivers/STM32F4xx_HAL_Driver/Src/stm32f4xx_hal_cortex.o
 .debug_abbrev  0x0000000000000af0      0x1c4 ./Drivers/STM32F4xx_HAL_Driver/Src/stm32f4xx_hal_gpio.o
 .debug_abbrev  0x0000000000000cb4      0x2bb ./Drivers/STM32F4xx_HAL_Driver/Src/stm32f4xx_hal_pcd.o
 .debug_abbrev  0x0000000000000f6f      0x1ce ./Drivers/STM32F4xx_HAL_Driver/Src/stm32f4xx_hal_pcd_ex.o
 .debug_abbrev  0x000000000000113d      0x2aa ./Drivers/STM32F4xx_HAL_Driver/Src/stm32f4xx_hal_rcc.o
 .debug_abbrev  0x00000000000013e7      0x296 ./Drivers/STM32F4xx_HAL_Driver/Src/stm32f4xx_ll_usb.o
 .debug_abbrev  0x000000000000167d      0x2be ./Middlewares/ST/STM32_USB_Device_Library/Class/CDC/Src/usbd_cdc.o
 .debug_abbrev  0x000000000000193b      0x263 ./Middlewares/ST/STM32_USB_Device_Library/Core/Src/usbd_core.o
 .debug_abbrev  0x0000000000001b9e      0x25c ./Middlewares/ST/STM32_USB_Device_Library/Core/Src/usbd_ctlreq.o
 .debug_abbrev  0x0000000000001dfa      0x18a ./Middlewares/ST/STM32_USB_Device_Library/Core/Src/usbd_ioreq.o
 .debug_abbrev  0x0000000000001f84      0x18a ./USB_DEVICE/App/usb_device.o
 .debug_abbrev  0x000000000000210e      0x290 ./USB_DEVICE/App/usbd_cdc_if.o
 .debug_abbrev  0x000000000000239e      0x1da ./USB_DEVICE/App/usbd_desc.o
 .debug_abbrev  0x0000000000002578      0x32b ./USB_DEVICE/Target/usbd_conf.o

.debug_aranges  0x0000000000000000      0xb38
 .debug_aranges
                0x0000000000000000       0x38 ./Core/Src/main.o
 .debug_aranges
                0x0000000000000038       0x20 ./Core/Src/stm32f4xx_hal_msp.o
 .debug_aranges
                0x0000000000000058       0x68 ./Core/Src/stm32f4xx_it.o
 .debug_aranges
                0x00000000000000c0       0x28 ./Core/Src/system_stm32f4xx.o
 .debug_aranges
                0x00000000000000e8       0x28 ./Core/Startup/startup_stm32f407vgtx.o
 .debug_aranges
                0x0000000000000110       0xf0 ./Drivers/STM32F4xx_HAL_Driver/Src/stm32f4xx_hal.o
 .debug_aranges
                0x0000000000000200      0x118 ./Drivers/STM32F4xx_HAL_Driver/Src/stm32f4xx_hal_cortex.o
 .debug_aranges
                0x0000000000000318       0x58 ./Drivers/STM32F4xx_HAL_Driver/Src/stm32f4xx_hal_gpio.o
 .debug_aranges
                0x0000000000000370      0x148 ./Drivers/STM32F4xx_HAL_Driver/Src/stm32f4xx_hal_pcd.o
 .debug_aranges
                0x00000000000004b8       0x38 ./Drivers/STM32F4xx_HAL_Driver/Src/stm32f4xx_hal_pcd_ex.o
 .debug_aranges
                0x00000000000004f0       0x88 ./Drivers/STM32F4xx_HAL_Driver/Src/stm32f4xx_hal_rcc.o
 .debug_aranges
                0x0000000000000578      0x1a0 ./Drivers/STM32F4xx_HAL_Driver/Src/stm32f4xx_ll_usb.o
 .debug_aranges
                0x0000000000000718       0x90 ./Middlewares/ST/STM32_USB_Device_Library/Class/CDC/Src/usbd_cdc.o
 .debug_aranges
                0x00000000000007a8       0xd8 ./Middlewares/ST/STM32_USB_Device_Library/Core/Src/usbd_core.o
 .debug_aranges
                0x0000000000000880       0x90 ./Middlewares/ST/STM32_USB_Device_Library/Core/Src/usbd_ctlreq.o
 .debug_aranges
                0x0000000000000910       0x50 ./Middlewares/ST/STM32_USB_Device_Library/Core/Src/usbd_ioreq.o
 .debug_aranges
                0x0000000000000960       0x20 ./USB_DEVICE/App/usb_device.o
 .debug_aranges
                0x0000000000000980       0x48 ./USB_DEVICE/App/usbd_cdc_if.o
 .debug_aranges
                0x00000000000009c8       0x60 ./USB_DEVICE/App/usbd_desc.o
 .debug_aranges
                0x0000000000000a28      0x110 ./USB_DEVICE/Target/usbd_conf.o

.debug_ranges   0x0000000000000000      0xa00
 .debug_ranges  0x0000000000000000       0x28 ./Core/Src/main.o
 .debug_ranges  0x0000000000000028       0x10 ./Core/Src/stm32f4xx_hal_msp.o
 .debug_ranges  0x0000000000000038       0x58 ./Core/Src/stm32f4xx_it.o
 .debug_ranges  0x0000000000000090       0x18 ./Core/Src/system_stm32f4xx.o
 .debug_ranges  0x00000000000000a8       0x20 ./Core/Startup/startup_stm32f407vgtx.o
 .debug_ranges  0x00000000000000c8       0xe0 ./Drivers/STM32F4xx_HAL_Driver/Src/stm32f4xx_hal.o
 .debug_ranges  0x00000000000001a8      0x108 ./Drivers/STM32F4xx_HAL_Driver/Src/stm32f4xx_hal_cortex.o
 .debug_ranges  0x00000000000002b0       0x48 ./Drivers/STM32F4xx_HAL_Driver/Src/stm32f4xx_hal_gpio.o
 .debug_ranges  0x00000000000002f8      0x138 ./Drivers/STM32F4xx_HAL_Driver/Src/stm32f4xx_hal_pcd.o
 .debug_ranges  0x0000000000000430       0x28 ./Drivers/STM32F4xx_HAL_Driver/Src/stm32f4xx_hal_pcd_ex.o
 .debug_ranges  0x0000000000000458       0x78 ./Drivers/STM32F4xx_HAL_Driver/Src/stm32f4xx_hal_rcc.o
 .debug_ranges  0x00000000000004d0      0x190 ./Drivers/STM32F4xx_HAL_Driver/Src/stm32f4xx_ll_usb.o
 .debug_ranges  0x0000000000000660       0x80 ./Middlewares/ST/STM32_USB_Device_Library/Class/CDC/Src/usbd_cdc.o
 .debug_ranges  0x00000000000006e0       0xc8 ./Middlewares/ST/STM32_USB_Device_Library/Core/Src/usbd_core.o
 .debug_ranges  0x00000000000007a8       0x80 ./Middlewares/ST/STM32_USB_Device_Library/Core/Src/usbd_ctlreq.o
 .debug_ranges  0x0000000000000828       0x40 ./Middlewares/ST/STM32_USB_Device_Library/Core/Src/usbd_ioreq.o
 .debug_ranges  0x0000000000000868       0x10 ./USB_DEVICE/App/usb_device.o
 .debug_ranges  0x0000000000000878       0x38 ./USB_DEVICE/App/usbd_cdc_if.o
 .debug_ranges  0x00000000000008b0       0x50 ./USB_DEVICE/App/usbd_desc.o
 .debug_ranges  0x0000000000000900      0x100 ./USB_DEVICE/Target/usbd_conf.o

.debug_macro    0x0000000000000000    0x22b93
 .debug_macro   0x0000000000000000      0x413 ./Core/Src/main.o
 .debug_macro   0x0000000000000413      0xa78 ./Core/Src/main.o
 .debug_macro   0x0000000000000e8b      0x295 ./Core/Src/main.o
 .debug_macro   0x0000000000001120       0x2e ./Core/Src/main.o
 .debug_macro   0x000000000000114e       0x2f ./Core/Src/main.o
 .debug_macro   0x000000000000117d       0x22 ./Core/Src/main.o
 .debug_macro   0x000000000000119f       0x8e ./Core/Src/main.o
 .debug_macro   0x000000000000122d       0x51 ./Core/Src/main.o
 .debug_macro   0x000000000000127e      0x103 ./Core/Src/main.o
 .debug_macro   0x0000000000001381       0x6a ./Core/Src/main.o
 .debug_macro   0x00000000000013eb      0x1df ./Core/Src/main.o
 .debug_macro   0x00000000000015ca       0x1c ./Core/Src/main.o
 .debug_macro   0x00000000000015e6       0x22 ./Core/Src/main.o
 .debug_macro   0x0000000000001608       0xd9 ./Core/Src/main.o
 .debug_macro   0x00000000000016e1     0x102d ./Core/Src/main.o
 .debug_macro   0x000000000000270e      0x11f ./Core/Src/main.o
 .debug_macro   0x000000000000282d    0x15e82 ./Core/Src/main.o
 .debug_macro   0x00000000000186af       0x6d ./Core/Src/main.o
 .debug_macro   0x000000000001871c     0x367e ./Core/Src/main.o
 .debug_macro   0x000000000001bd9a      0x174 ./Core/Src/main.o
 .debug_macro   0x000000000001bf0e       0x5c ./Core/Src/main.o
 .debug_macro   0x000000000001bf6a      0x96b ./Core/Src/main.o
 .debug_macro   0x000000000001c8d5      0x9fe ./Core/Src/main.o
 .debug_macro   0x000000000001d2d3      0x115 ./Core/Src/main.o
 .debug_macro   0x000000000001d3e8      0x13e ./Core/Src/main.o
 .debug_macro   0x000000000001d526       0xa5 ./Core/Src/main.o
 .debug_macro   0x000000000001d5cb      0x174 ./Core/Src/main.o
 .debug_macro   0x000000000001d73f      0x287 ./Core/Src/main.o
 .debug_macro   0x000000000001d9c6       0x5f ./Core/Src/main.o
 .debug_macro   0x000000000001da25      0x236 ./Core/Src/main.o
 .debug_macro   0x000000000001dc5b      0x12c ./Core/Src/main.o
 .debug_macro   0x000000000001dd87      0x21e ./Core/Src/main.o
 .debug_macro   0x000000000001dfa5       0x2e ./Core/Src/main.o
 .debug_macro   0x000000000001dfd3      0x11a ./Core/Src/main.o
 .debug_macro   0x000000000001e0ed       0x7e ./Core/Src/main.o
 .debug_macro   0x000000000001e16b       0x89 ./Core/Src/main.o
 .debug_macro   0x000000000001e1f4      0x248 ./Core/Src/main.o
 .debug_macro   0x000000000001e43c       0xba ./Core/Src/main.o
 .debug_macro   0x000000000001e4f6      0x12d ./Core/Src/main.o
 .debug_macro   0x000000000001e623       0x52 ./Core/Src/main.o
 .debug_macro   0x000000000001e675       0x1e ./Core/Src/main.o
 .debug_macro   0x000000000001e693       0x3c ./Core/Src/main.o
 .debug_macro   0x000000000001e6cf       0x34 ./Core/Src/main.o
 .debug_macro   0x000000000001e703       0x16 ./Core/Src/main.o
 .debug_macro   0x000000000001e719       0x35 ./Core/Src/main.o
 .debug_macro   0x000000000001e74e      0x341 ./Core/Src/main.o
 .debug_macro   0x000000000001ea8f       0x10 ./Core/Src/main.o
 .debug_macro   0x000000000001ea9f       0x16 ./Core/Src/main.o
 .debug_macro   0x000000000001eab5       0x43 ./Core/Src/main.o
 .debug_macro   0x000000000001eaf8       0x34 ./Core/Src/main.o
 .debug_macro   0x000000000001eb2c       0x10 ./Core/Src/main.o
 .debug_macro   0x000000000001eb3c       0x58 ./Core/Src/main.o
 .debug_macro   0x000000000001eb94       0x71 ./Core/Src/main.o
 .debug_macro   0x000000000001ec05       0x1c ./Core/Src/main.o
 .debug_macro   0x000000000001ec21      0x12a ./Core/Src/main.o
 .debug_macro   0x000000000001ed4b       0x10 ./Core/Src/main.o
 .debug_macro   0x000000000001ed5b       0x1c ./Core/Src/main.o
 .debug_macro   0x000000000001ed77       0x52 ./Core/Src/main.o
 .debug_macro   0x000000000001edc9       0x22 ./Core/Src/main.o
 .debug_macro   0x000000000001edeb       0x10 ./Core/Src/main.o
 .debug_macro   0x000000000001edfb       0x52 ./Core/Src/main.o
 .debug_macro   0x000000000001ee4d       0xd5 ./Core/Src/main.o
 .debug_macro   0x000000000001ef22       0x1c ./Core/Src/main.o
 .debug_macro   0x000000000001ef3e       0x3d ./Core/Src/main.o
 .debug_macro   0x000000000001ef7b       0x16 ./Core/Src/main.o
 .debug_macro   0x000000000001ef91      0x145 ./Core/Src/main.o
 .debug_macro   0x000000000001f0d6       0x16 ./Core/Src/main.o
 .debug_macro   0x000000000001f0ec       0x16 ./Core/Src/main.o
 .debug_macro   0x000000000001f102       0x29 ./Core/Src/main.o
 .debug_macro   0x000000000001f12b       0x16 ./Core/Src/main.o
 .debug_macro   0x000000000001f141       0x20 ./Core/Src/main.o
 .debug_macro   0x000000000001f161       0x65 ./Core/Src/main.o
 .debug_macro   0x000000000001f1c6      0x20f ./Core/Src/main.o
 .debug_macro   0x000000000001f3d5       0x95 ./Core/Src/main.o
 .debug_macro   0x000000000001f46a       0x10 ./Core/Src/main.o
 .debug_macro   0x000000000001f47a      0x1de ./Core/Src/stm32f4xx_hal_msp.o
 .debug_macro   0x000000000001f658      0x1e8 ./Core/Src/stm32f4xx_it.o
 .debug_macro   0x000000000001f840      0x1d4 ./Core/Src/system_stm32f4xx.o
 .debug_macro   0x000000000001fa14      0x234 ./Drivers/STM32F4xx_HAL_Driver/Src/stm32f4xx_hal.o
 .debug_macro   0x000000000001fc48      0x1d4 ./Drivers/STM32F4xx_HAL_Driver/Src/stm32f4xx_hal_cortex.o
 .debug_macro   0x000000000001fe1c      0x1da ./Drivers/STM32F4xx_HAL_Driver/Src/stm32f4xx_hal_gpio.o
 .debug_macro   0x000000000001fff6      0x1e0 ./Drivers/STM32F4xx_HAL_Driver/Src/stm32f4xx_hal_pcd.o
 .debug_macro   0x00000000000201d6      0x1d4 ./Drivers/STM32F4xx_HAL_Driver/Src/stm32f4xx_hal_pcd_ex.o
 .debug_macro   0x00000000000203aa      0x1f8 ./Drivers/STM32F4xx_HAL_Driver/Src/stm32f4xx_hal_rcc.o
 .debug_macro   0x00000000000205a2      0x1d4 ./Drivers/STM32F4xx_HAL_Driver/Src/stm32f4xx_ll_usb.o
 .debug_macro   0x0000000000020776      0x3f4 ./Middlewares/ST/STM32_USB_Device_Library/Class/CDC/Src/usbd_cdc.o
 .debug_macro   0x0000000000020b6a       0x97 ./Middlewares/ST/STM32_USB_Device_Library/Class/CDC/Src/usbd_cdc.o
 .debug_macro   0x0000000000020c01       0xfd ./Middlewares/ST/STM32_USB_Device_Library/Class/CDC/Src/usbd_cdc.o
 .debug_macro   0x0000000000020cfe       0x56 ./Middlewares/ST/STM32_USB_Device_Library/Class/CDC/Src/usbd_cdc.o
 .debug_macro   0x0000000000020d54      0x3db ./Middlewares/ST/STM32_USB_Device_Library/Core/Src/usbd_core.o
 .debug_macro   0x000000000002112f      0x215 ./Middlewares/ST/STM32_USB_Device_Library/Core/Src/usbd_core.o
 .debug_macro   0x0000000000021344      0x3e5 ./Middlewares/ST/STM32_USB_Device_Library/Core/Src/usbd_ctlreq.o
 .debug_macro   0x0000000000021729      0x3e1 ./Middlewares/ST/STM32_USB_Device_Library/Core/Src/usbd_ioreq.o
 .debug_macro   0x0000000000021b0a      0x41a ./USB_DEVICE/App/usb_device.o
 .debug_macro   0x0000000000021f24       0x22 ./USB_DEVICE/App/usb_device.o
 .debug_macro   0x0000000000021f46       0x16 ./USB_DEVICE/App/usb_device.o
 .debug_macro   0x0000000000021f5c      0x3ff ./USB_DEVICE/App/usbd_cdc_if.o
 .debug_macro   0x000000000002235b      0x41e ./USB_DEVICE/App/usbd_desc.o
 .debug_macro   0x0000000000022779       0x1c ./USB_DEVICE/App/usbd_desc.o
 .debug_macro   0x0000000000022795      0x3fe ./USB_DEVICE/Target/usbd_conf.o

.debug_line     0x0000000000000000     0xed13
 .debug_line    0x0000000000000000      0xb18 ./Core/Src/main.o
 .debug_line    0x0000000000000b18      0x6c1 ./Core/Src/stm32f4xx_hal_msp.o
 .debug_line    0x00000000000011d9      0x79c ./Core/Src/stm32f4xx_it.o
 .debug_line    0x0000000000001975      0x743 ./Core/Src/system_stm32f4xx.o
 .debug_line    0x00000000000020b8       0x88 ./Core/Startup/startup_stm32f407vgtx.o
 .debug_line    0x0000000000002140      0x9a9 ./Drivers/STM32F4xx_HAL_Driver/Src/stm32f4xx_hal.o
 .debug_line    0x0000000000002ae9      0xc58 ./Drivers/STM32F4xx_HAL_Driver/Src/stm32f4xx_hal_cortex.o
 .debug_line    0x0000000000003741      0xb1d ./Drivers/STM32F4xx_HAL_Driver/Src/stm32f4xx_hal_gpio.o
 .debug_line    0x000000000000425e     0x144c ./Drivers/STM32F4xx_HAL_Driver/Src/stm32f4xx_hal_pcd.o
 .debug_line    0x00000000000056aa      0x78c ./Drivers/STM32F4xx_HAL_Driver/Src/stm32f4xx_hal_pcd_ex.o
 .debug_line    0x0000000000005e36      0xd25 ./Drivers/STM32F4xx_HAL_Driver/Src/stm32f4xx_hal_rcc.o
 .debug_line    0x0000000000006b5b     0x1a66 ./Drivers/STM32F4xx_HAL_Driver/Src/stm32f4xx_ll_usb.o
 .debug_line    0x00000000000085c1      0xed6 ./Middlewares/ST/STM32_USB_Device_Library/Class/CDC/Src/usbd_cdc.o
 .debug_line    0x0000000000009497      0xf50 ./Middlewares/ST/STM32_USB_Device_Library/Core/Src/usbd_core.o
 .debug_line    0x000000000000a3e7     0x1121 ./Middlewares/ST/STM32_USB_Device_Library/Core/Src/usbd_ctlreq.o
 .debug_line    0x000000000000b508      0xa68 ./Middlewares/ST/STM32_USB_Device_Library/Core/Src/usbd_ioreq.o
 .debug_line    0x000000000000bf70      0xa24 ./USB_DEVICE/App/usb_device.o
 .debug_line    0x000000000000c994      0xa88 ./USB_DEVICE/App/usbd_cdc_if.o
 .debug_line    0x000000000000d41c      0xaed ./USB_DEVICE/App/usbd_desc.o
 .debug_line    0x000000000000df09      0xe0a ./USB_DEVICE/Target/usbd_conf.o

.debug_str      0x0000000000000000    0xc3dea
 .debug_str     0x0000000000000000    0xc08da ./Core/Src/main.o
                                      0xc0bd3 (size before relaxing)
 .debug_str     0x00000000000c08da       0x2c ./Core/Src/stm32f4xx_hal_msp.o
                                      0xbbc80 (size before relaxing)
 .debug_str     0x00000000000c0906      0x47e ./Core/Src/stm32f4xx_it.o
                                      0xbc01c (size before relaxing)
 .debug_str     0x00000000000c0d84       0xdb ./Core/Src/system_stm32f4xx.o
                                      0xbbd30 (size before relaxing)
 .debug_str     0x00000000000c0e5f       0x36 ./Core/Startup/startup_stm32f407vgtx.o
                                         0x72 (size before relaxing)
 .debug_str     0x00000000000c0e95      0xafd ./Drivers/STM32F4xx_HAL_Driver/Src/stm32f4xx_hal.o
                                      0xbc8b4 (size before relaxing)
 .debug_str     0x00000000000c1992      0x359 ./Drivers/STM32F4xx_HAL_Driver/Src/stm32f4xx_hal_cortex.o
                                      0xbc5e7 (size before relaxing)
 .debug_str     0x00000000000c1ceb      0x120 ./Drivers/STM32F4xx_HAL_Driver/Src/stm32f4xx_hal_gpio.o
                                      0xbbeab (size before relaxing)
 .debug_str     0x00000000000c1e0b      0x832 ./Drivers/STM32F4xx_HAL_Driver/Src/stm32f4xx_hal_pcd.o
                                      0xbc7f2 (size before relaxing)
 .debug_str     0x00000000000c263d      0x115 ./Drivers/STM32F4xx_HAL_Driver/Src/stm32f4xx_hal_pcd_ex.o
                                      0xbc0e1 (size before relaxing)
 .debug_str     0x00000000000c2752      0x21f ./Drivers/STM32F4xx_HAL_Driver/Src/stm32f4xx_hal_rcc.o
                                      0xbc164 (size before relaxing)
 .debug_str     0x00000000000c2971      0x44d ./Drivers/STM32F4xx_HAL_Driver/Src/stm32f4xx_ll_usb.o
                                      0xbc65a (size before relaxing)
 .debug_str     0x00000000000c2dbe      0x6fe ./Middlewares/ST/STM32_USB_Device_Library/Class/CDC/Src/usbd_cdc.o
                                      0xc1342 (size before relaxing)
 .debug_str     0x00000000000c34bc      0x35c ./Middlewares/ST/STM32_USB_Device_Library/Core/Src/usbd_core.o
                                      0xc0cb8 (size before relaxing)
 .debug_str     0x00000000000c3818      0x139 ./Middlewares/ST/STM32_USB_Device_Library/Core/Src/usbd_ctlreq.o
                                      0xc0ae3 (size before relaxing)
 .debug_str     0x00000000000c3951       0x51 ./Middlewares/ST/STM32_USB_Device_Library/Core/Src/usbd_ioreq.o
                                      0xc09b8 (size before relaxing)
 .debug_str     0x00000000000c39a2       0xc6 ./USB_DEVICE/App/usb_device.o
                                      0xc0d6b (size before relaxing)
 .debug_str     0x00000000000c3a68       0xa1 ./USB_DEVICE/App/usbd_cdc_if.o
                                      0xc0db9 (size before relaxing)
 .debug_str     0x00000000000c3b09      0x26e ./USB_DEVICE/App/usbd_desc.o
                                      0xc08b8 (size before relaxing)
 .debug_str     0x00000000000c3d77       0x73 ./USB_DEVICE/Target/usbd_conf.o
                                      0xc1b90 (size before relaxing)

.comment        0x0000000000000000       0x50
 .comment       0x0000000000000000       0x50 ./Core/Src/main.o
                                         0x51 (size before relaxing)
 .comment       0x0000000000000050       0x51 ./Core/Src/stm32f4xx_hal_msp.o
 .comment       0x0000000000000050       0x51 ./Core/Src/stm32f4xx_it.o
 .comment       0x0000000000000050       0x51 ./Core/Src/system_stm32f4xx.o
 .comment       0x0000000000000050       0x51 ./Drivers/STM32F4xx_HAL_Driver/Src/stm32f4xx_hal.o
 .comment       0x0000000000000050       0x51 ./Drivers/STM32F4xx_HAL_Driver/Src/stm32f4xx_hal_cortex.o
 .comment       0x0000000000000050       0x51 ./Drivers/STM32F4xx_HAL_Driver/Src/stm32f4xx_hal_gpio.o
 .comment       0x0000000000000050       0x51 ./Drivers/STM32F4xx_HAL_Driver/Src/stm32f4xx_hal_pcd.o
 .comment       0x0000000000000050       0x51 ./Drivers/STM32F4xx_HAL_Driver/Src/stm32f4xx_hal_pcd_ex.o
 .comment       0x0000000000000050       0x51 ./Drivers/STM32F4xx_HAL_Driver/Src/stm32f4xx_hal_rcc.o
 .comment       0x0000000000000050       0x51 ./Drivers/STM32F4xx_HAL_Driver/Src/stm32f4xx_ll_usb.o
 .comment       0x0000000000000050       0x51 ./Middlewares/ST/STM32_USB_Device_Library/Class/CDC/Src/usbd_cdc.o
 .comment       0x0000000000000050       0x51 ./Middlewares/ST/STM32_USB_Device_Library/Core/Src/usbd_core.o
 .comment       0x0000000000000050       0x51 ./Middlewares/ST/STM32_USB_Device_Library/Core/Src/usbd_ctlreq.o
 .comment       0x0000000000000050       0x51 ./Middlewares/ST/STM32_USB_Device_Library/Core/Src/usbd_ioreq.o
 .comment       0x0000000000000050       0x51 ./USB_DEVICE/App/usb_device.o
 .comment       0x0000000000000050       0x51 ./USB_DEVICE/App/usbd_cdc_if.o
 .comment       0x0000000000000050       0x51 ./USB_DEVICE/App/usbd_desc.o
 .comment       0x0000000000000050       0x51 ./USB_DEVICE/Target/usbd_conf.o

.debug_frame    0x0000000000000000     0x2c68
 .debug_frame   0x0000000000000000       0x90 ./Core/Src/main.o
 .debug_frame   0x0000000000000090       0x38 ./Core/Src/stm32f4xx_hal_msp.o
 .debug_frame   0x00000000000000c8      0x120 ./Core/Src/stm32f4xx_it.o
 .debug_frame   0x00000000000001e8       0x58 ./Core/Src/system_stm32f4xx.o
 .debug_frame   0x0000000000000240      0x374 ./Drivers/STM32F4xx_HAL_Driver/Src/stm32f4xx_hal.o
 .debug_frame   0x00000000000005b4      0x498 ./Drivers/STM32F4xx_HAL_Driver/Src/stm32f4xx_hal_cortex.o
 .debug_frame   0x0000000000000a4c      0x14c ./Drivers/STM32F4xx_HAL_Driver/Src/stm32f4xx_hal_gpio.o
 .debug_frame   0x0000000000000b98      0x5bc ./Drivers/STM32F4xx_HAL_Driver/Src/stm32f4xx_hal_pcd.o
 .debug_frame   0x0000000000001154       0xb0 ./Drivers/STM32F4xx_HAL_Driver/Src/stm32f4xx_hal_pcd_ex.o
 .debug_frame   0x0000000000001204      0x1f4 ./Drivers/STM32F4xx_HAL_Driver/Src/stm32f4xx_hal_rcc.o
 .debug_frame   0x00000000000013f8      0x7c0 ./Drivers/STM32F4xx_HAL_Driver/Src/stm32f4xx_ll_usb.o
 .debug_frame   0x0000000000001bb8      0x23c ./Middlewares/ST/STM32_USB_Device_Library/Class/CDC/Src/usbd_cdc.o
 .debug_frame   0x0000000000001df4      0x390 ./Middlewares/ST/STM32_USB_Device_Library/Core/Src/usbd_core.o
 .debug_frame   0x0000000000002184      0x23c ./Middlewares/ST/STM32_USB_Device_Library/Core/Src/usbd_ctlreq.o
 .debug_frame   0x00000000000023c0      0x10c ./Middlewares/ST/STM32_USB_Device_Library/Core/Src/usbd_ioreq.o
 .debug_frame   0x00000000000024cc       0x2c ./USB_DEVICE/App/usb_device.o
 .debug_frame   0x00000000000024f8       0xe8 ./USB_DEVICE/App/usbd_cdc_if.o
 .debug_frame   0x00000000000025e0      0x160 ./USB_DEVICE/App/usbd_desc.o
 .debug_frame   0x0000000000002740      0x47c ./USB_DEVICE/Target/usbd_conf.o
 .debug_frame   0x0000000000002bbc       0x2c c:/st/stm32cubeide_1.12.0/stm32cubeide/plugins/com.st.stm32cube.ide.mcu.externaltools.gnu-tools-for-stm32.10.3-2021.10.win32_1.0.200.202301161003/tools/bin/../lib/gcc/arm-none-eabi/10.3.1/../../../../arm-none-eabi/lib/thumb/v7e-m+fp/hard\libc_nano.a(lib_a-init.o)
 .debug_frame   0x0000000000002be8       0x20 c:/st/stm32cubeide_1.12.0/stm32cubeide/plugins/com.st.stm32cube.ide.mcu.externaltools.gnu-tools-for-stm32.10.3-2021.10.win32_1.0.200.202301161003/tools/bin/../lib/gcc/arm-none-eabi/10.3.1/../../../../arm-none-eabi/lib/thumb/v7e-m+fp/hard\libc_nano.a(lib_a-memset.o)
 .debug_frame   0x0000000000002c08       0x2c c:/st/stm32cubeide_1.12.0/stm32cubeide/plugins/com.st.stm32cube.ide.mcu.externaltools.gnu-tools-for-stm32.10.3-2021.10.win32_1.0.200.202301161003/tools/bin/../lib/gcc/arm-none-eabi/10.3.1/thumb/v7e-m+fp/hard\libgcc.a(_aeabi_uldivmod.o)
 .debug_frame   0x0000000000002c34       0x34 c:/st/stm32cubeide_1.12.0/stm32cubeide/plugins/com.st.stm32cube.ide.mcu.externaltools.gnu-tools-for-stm32.10.3-2021.10.win32_1.0.200.202301161003/tools/bin/../lib/gcc/arm-none-eabi/10.3.1/thumb/v7e-m+fp/hard\libgcc.a(_udivmoddi4.o)
